#
# There is insufficient memory for the Java Runtime Environment to continue.
# Native memory allocation (malloc) failed to allocate 1048576 bytes. Error detail: AllocateHeap
# Possible reasons:
#   The system is out of physical RAM or swap space
#   This process is running with CompressedOops enabled, and the Java Heap may be blocking the growth of the native heap
# Possible solutions:
#   Reduce memory load on the system
#   Increase physical memory or swap space
#   Check if swap backing store is full
#   Decrease Java heap size (-Xmx/-Xms)
#   Decrease number of Java threads
#   Decrease Java thread stack sizes (-Xss)
#   Set larger code cache with -XX:ReservedCodeCacheSize=
#   JVM is running with Zero Based Compressed Oops mode in which the Java heap is
#     placed in the first 32GB address space. The Java Heap base address is the
#     maximum limit for the native heap growth. Please use -XX:HeapBaseMinAddress
#     to set the Java Heap base and to place the Java Heap above 32GB virtual address.
# This output file may be truncated or incomplete.
#
#  Out of Memory Error (allocation.cpp:44), pid=16648, tid=2808
#
# JRE version: OpenJDK Runtime Environment Temurin-21.0.8+9 (21.0.8+9) (build 21.0.8+9-LTS)
# Java VM: OpenJDK 64-Bit Server VM Temurin-21.0.8+9 (21.0.8+9-LTS, mixed mode, sharing, tiered, compressed oops, compressed class ptrs, g1 gc, windows-amd64)
# No core dump will be written. Minidumps are not enabled by default on client versions of Windows
#

---------------  S U M M A R Y ------------

Command Line: -Dfile.encoding=UTF-8 -Dstdout.encoding=UTF-8 -Dstderr.encoding=UTF-8 -XX:+ShowCodeDetailsInExceptionMessages thread.Main

Host: AMD Ryzen 5 2600 Six-Core Processor            , 12 cores, 15G,  Windows 10 , 64 bit Build 19041 (10.0.19041.5915)
Time: Wed Jan  7 14:48:54 2026 ora solare Europa occidentale elapsed time: 3.883260 seconds (0d 0h 0m 3s)

---------------  T H R E A D  ---------------

Current thread (0x00000254ae4ce270):  VMThread "VM Thread"          [id=2808, stack(0x000000b658d00000,0x000000b658e00000) (1024K)]

Stack: [0x000000b658d00000,0x000000b658e00000]
Native frames: (J=compiled Java code, j=interpreted, Vv=VM code, C=native code)
V  [jvm.dll+0x6d2449]
V  [jvm.dll+0x8ae341]
V  [jvm.dll+0x8b08be]
V  [jvm.dll+0x8b0fa3]
V  [jvm.dll+0x280c96]
V  [jvm.dll+0xc0347]
V  [jvm.dll+0x348fb2]
V  [jvm.dll+0x343a2e]
V  [jvm.dll+0x32c418]
V  [jvm.dll+0x36e654]
V  [jvm.dll+0x8b6cbf]
V  [jvm.dll+0x8b8044]
V  [jvm.dll+0x8b8580]
V  [jvm.dll+0x8b8823]
V  [jvm.dll+0x857e6b]
V  [jvm.dll+0x6d0b0d]
C  [ucrtbase.dll+0x21bb2]
C  [KERNEL32.DLL+0x17374]
C  [ntdll.dll+0x4cc91]

VM_Operation (0x000000b6586fe8f0): G1CollectFull, mode: safepoint, requested by thread 0x00000254916dc550


---------------  P R O C E S S  ---------------

Threads class SMR info:
_java_thread_list=0x000002552c2dae90, length=12, elements={
0x00000254916dc550, 0x00000254ae4ed8b0, 0x00000254ae4eed60, 0x00000254ae4f10c0,
0x00000254ae4f1d90, 0x00000254ae4f55a0, 0x00000254ae4fd0a0, 0x00000254ae5067a0,
0x00000254ae506e40, 0x00000254ae4ff170, 0x00000254ae4fbcf0, 0x00000254ae4fca10
}

Java Threads: ( => current thread )
  0x00000254916dc550 JavaThread "main"                              [_thread_blocked, id=13040, stack(0x000000b658600000,0x000000b658700000) (1024K)]
  0x00000254ae4ed8b0 JavaThread "Reference Handler"          daemon [_thread_blocked, id=13720, stack(0x000000b658e00000,0x000000b658f00000) (1024K)]
  0x00000254ae4eed60 JavaThread "Finalizer"                  daemon [_thread_blocked, id=6760, stack(0x000000b658f00000,0x000000b659000000) (1024K)]
  0x00000254ae4f10c0 JavaThread "Signal Dispatcher"          daemon [_thread_blocked, id=5616, stack(0x000000b659000000,0x000000b659100000) (1024K)]
  0x00000254ae4f1d90 JavaThread "Attach Listener"            daemon [_thread_blocked, id=17180, stack(0x000000b659100000,0x000000b659200000) (1024K)]
  0x00000254ae4f55a0 JavaThread "Service Thread"             daemon [_thread_blocked, id=16784, stack(0x000000b659200000,0x000000b659300000) (1024K)]
  0x00000254ae4fd0a0 JavaThread "Monitor Deflation Thread"   daemon [_thread_blocked, id=15736, stack(0x000000b659300000,0x000000b659400000) (1024K)]
  0x00000254ae5067a0 JavaThread "C2 CompilerThread0"         daemon [_thread_blocked, id=12256, stack(0x000000b659400000,0x000000b659500000) (1024K)]
  0x00000254ae506e40 JavaThread "C1 CompilerThread0"         daemon [_thread_blocked, id=13156, stack(0x000000b659500000,0x000000b659600000) (1024K)]
  0x00000254ae4ff170 JavaThread "Notification Thread"        daemon [_thread_blocked, id=16836, stack(0x000000b659600000,0x000000b659700000) (1024K)]
  0x00000254ae4fbcf0 JavaThread "Common-Cleaner"             daemon [_thread_blocked, id=5216, stack(0x000000b659700000,0x000000b659800000) (1024K)]
  0x00000254ae4fca10 JavaThread "JavaCPP Deallocator"        daemon [_thread_blocked, id=1068, stack(0x000000b659f00000,0x000000b65a000000) (1024K)]
Total: 12

Other Threads:
=>0x00000254ae4ce270 VMThread "VM Thread"                           [id=2808, stack(0x000000b658d00000,0x000000b658e00000) (1024K)]
  0x00000254ae4ba840 WatcherThread "VM Periodic Task Thread"        [id=9988, stack(0x000000b658c00000,0x000000b658d00000) (1024K)]
  0x00000254919536f0 WorkerThread "GC Thread#0"                     [id=17604, stack(0x000000b658700000,0x000000b658800000) (1024K)]
  0x00000254f473a160 WorkerThread "GC Thread#1"                     [id=844, stack(0x000000b659900000,0x000000b659a00000) (1024K)]
  0x00000254f473a500 WorkerThread "GC Thread#2"                     [id=7940, stack(0x000000b659a00000,0x000000b659b00000) (1024K)]
  0x00000254f46b0930 WorkerThread "GC Thread#3"                     [id=7032, stack(0x000000b659b00000,0x000000b659c00000) (1024K)]
  0x00000254f4a459c0 WorkerThread "GC Thread#4"                     [id=6972, stack(0x000000b659c00000,0x000000b659d00000) (1024K)]
  0x00000254f4a45620 WorkerThread "GC Thread#5"                     [id=13936, stack(0x000000b659d00000,0x000000b659e00000) (1024K)]
  0x00000254f4a45280 WorkerThread "GC Thread#6"                     [id=5784, stack(0x000000b659e00000,0x000000b659f00000) (1024K)]
  0x00000254f4b726e0 WorkerThread "GC Thread#7"                     [id=18020, stack(0x000000b65a200000,0x000000b65a300000) (1024K)]
  0x00000254f4b6f420 WorkerThread "GC Thread#8"                     [id=11388, stack(0x000000b65a300000,0x000000b65a400000) (1024K)]
  0x0000025491964d30 ConcurrentGCThread "G1 Main Marker"            [id=9128, stack(0x000000b658800000,0x000000b658900000) (1024K)]
  0x00000254919670a0 WorkerThread "G1 Conc#0"                       [id=8100, stack(0x000000b658900000,0x000000b658a00000) (1024K)]
  0x00000254919ae960 ConcurrentGCThread "G1 Refine#0"               [id=18364, stack(0x000000b658a00000,0x000000b658b00000) (1024K)]
  0x00000254ae37a730 ConcurrentGCThread "G1 Service"                [id=19168, stack(0x000000b658b00000,0x000000b658c00000) (1024K)]
Total: 15

Threads with active compile tasks:
Total: 0

VM state: at safepoint (normal execution)

VM Mutex/Monitor currently owned by a thread:  ([mutex/lock_event])
[0x00007ff9922c5458] Threads_lock - owner thread: 0x00000254ae4ce270
[0x00007ff9922c5558] Heap_lock - owner thread: 0x00000254916dc550

Heap address: 0x0000000700c00000, size: 4084 MB, Compressed Oops mode: Zero based, Oop shift amount: 3

CDS archive(s) mapped at: [0x00000254af000000-0x00000254afc80000-0x00000254afc80000), size 13107200, SharedBaseAddress: 0x00000254af000000, ArchiveRelocationMode: 1.
Compressed class space mapped at: 0x00000254b0000000-0x00000254f0000000, reserved size: 1073741824
Narrow klass base: 0x00000254af000000, Narrow klass shift: 0, Narrow klass range: 0x100000000

GC Precious Log:
 CardTable entry size: 512
 Card Set container configuration: InlinePtr #cards 4 size 8 Array Of Cards #cards 16 size 48 Howl #buckets 8 coarsen threshold 3686 Howl Bitmap #cards 512 size 80 coarsen threshold 460 Card regions per heap region 1 cards per card region 4096
 CPUs: 12 total, 12 available
 Memory: 16331M
 Large Page Support: Disabled
 NUMA Support: Disabled
 Compressed Oops: Enabled (Zero based)
 Heap Region Size: 2M
 Heap Min Capacity: 8M
 Heap Initial Capacity: 256M
 Heap Max Capacity: 4084M
 Pre-touch: Disabled
 Parallel Workers: 10
 Concurrent Workers: 3
 Concurrent Refinement Workers: 10
 Periodic GC: Disabled

Heap:
 garbage-first heap   total 262144K, used 36858K [0x0000000700c00000, 0x0000000800000000)
  region size 2048K, 17 young (34816K), 1 survivors (2048K)
 Metaspace       used 9846K, committed 10048K, reserved 1114112K
  class space    used 964K, committed 1088K, reserved 1048576K

Heap Regions: E=young(eden), S=young(survivor), O=old, HS=humongous(starts), HC=humongous(continues), CS=collection set, F=free, TAMS=top-at-mark-start, PB=parsable bottom
|   0|0x0000000700c00000, 0x0000000700e00000, 0x0000000700e00000|100%| O|  |TAMS 0x0000000700c00000| PB 0x0000000700c00000| Untracked 
|   1|0x0000000700e00000, 0x0000000701000000, 0x0000000701000000|100%| O|  |TAMS 0x0000000700e00000| PB 0x0000000700e00000| Untracked 
|   2|0x0000000701000000, 0x000000070115dcb0, 0x0000000701200000| 68%| O|  |TAMS 0x0000000701000000| PB 0x0000000701000000| Untracked 
|   3|0x0000000701200000, 0x0000000701200000, 0x0000000701400000|  0%| F|  |TAMS 0x0000000701200000| PB 0x0000000701200000| Untracked 
|   4|0x0000000701400000, 0x0000000701400000, 0x0000000701600000|  0%| F|  |TAMS 0x0000000701400000| PB 0x0000000701400000| Untracked 
|   5|0x0000000701600000, 0x0000000701600000, 0x0000000701800000|  0%| F|  |TAMS 0x0000000701600000| PB 0x0000000701600000| Untracked 
|   6|0x0000000701800000, 0x0000000701800000, 0x0000000701a00000|  0%| F|  |TAMS 0x0000000701800000| PB 0x0000000701800000| Untracked 
|   7|0x0000000701a00000, 0x0000000701a00000, 0x0000000701c00000|  0%| F|  |TAMS 0x0000000701a00000| PB 0x0000000701a00000| Untracked 
|   8|0x0000000701c00000, 0x0000000701c00000, 0x0000000701e00000|  0%| F|  |TAMS 0x0000000701c00000| PB 0x0000000701c00000| Untracked 
|   9|0x0000000701e00000, 0x0000000701e00000, 0x0000000702000000|  0%| F|  |TAMS 0x0000000701e00000| PB 0x0000000701e00000| Untracked 
|  10|0x0000000702000000, 0x0000000702000000, 0x0000000702200000|  0%| F|  |TAMS 0x0000000702000000| PB 0x0000000702000000| Untracked 
|  11|0x0000000702200000, 0x0000000702200000, 0x0000000702400000|  0%| F|  |TAMS 0x0000000702200000| PB 0x0000000702200000| Untracked 
|  12|0x0000000702400000, 0x0000000702400000, 0x0000000702600000|  0%| F|  |TAMS 0x0000000702400000| PB 0x0000000702400000| Untracked 
|  13|0x0000000702600000, 0x0000000702600000, 0x0000000702800000|  0%| F|  |TAMS 0x0000000702600000| PB 0x0000000702600000| Untracked 
|  14|0x0000000702800000, 0x0000000702800000, 0x0000000702a00000|  0%| F|  |TAMS 0x0000000702800000| PB 0x0000000702800000| Untracked 
|  15|0x0000000702a00000, 0x0000000702a00000, 0x0000000702c00000|  0%| F|  |TAMS 0x0000000702a00000| PB 0x0000000702a00000| Untracked 
|  16|0x0000000702c00000, 0x0000000702c00000, 0x0000000702e00000|  0%| F|  |TAMS 0x0000000702c00000| PB 0x0000000702c00000| Untracked 
|  17|0x0000000702e00000, 0x0000000702e00000, 0x0000000703000000|  0%| F|  |TAMS 0x0000000702e00000| PB 0x0000000702e00000| Untracked 
|  18|0x0000000703000000, 0x0000000703000000, 0x0000000703200000|  0%| F|  |TAMS 0x0000000703000000| PB 0x0000000703000000| Untracked 
|  19|0x0000000703200000, 0x0000000703200000, 0x0000000703400000|  0%| F|  |TAMS 0x0000000703200000| PB 0x0000000703200000| Untracked 
|  20|0x0000000703400000, 0x0000000703400000, 0x0000000703600000|  0%| F|  |TAMS 0x0000000703400000| PB 0x0000000703400000| Untracked 
|  21|0x0000000703600000, 0x0000000703600000, 0x0000000703800000|  0%| F|  |TAMS 0x0000000703600000| PB 0x0000000703600000| Untracked 
|  22|0x0000000703800000, 0x0000000703800000, 0x0000000703a00000|  0%| F|  |TAMS 0x0000000703800000| PB 0x0000000703800000| Untracked 
|  23|0x0000000703a00000, 0x0000000703a00000, 0x0000000703c00000|  0%| F|  |TAMS 0x0000000703a00000| PB 0x0000000703a00000| Untracked 
|  24|0x0000000703c00000, 0x0000000703c00000, 0x0000000703e00000|  0%| F|  |TAMS 0x0000000703c00000| PB 0x0000000703c00000| Untracked 
|  25|0x0000000703e00000, 0x0000000703e00000, 0x0000000704000000|  0%| F|  |TAMS 0x0000000703e00000| PB 0x0000000703e00000| Untracked 
|  26|0x0000000704000000, 0x0000000704000000, 0x0000000704200000|  0%| F|  |TAMS 0x0000000704000000| PB 0x0000000704000000| Untracked 
|  27|0x0000000704200000, 0x0000000704200000, 0x0000000704400000|  0%| F|  |TAMS 0x0000000704200000| PB 0x0000000704200000| Untracked 
|  28|0x0000000704400000, 0x0000000704400000, 0x0000000704600000|  0%| F|  |TAMS 0x0000000704400000| PB 0x0000000704400000| Untracked 
|  29|0x0000000704600000, 0x0000000704600000, 0x0000000704800000|  0%| F|  |TAMS 0x0000000704600000| PB 0x0000000704600000| Untracked 
|  30|0x0000000704800000, 0x0000000704800000, 0x0000000704a00000|  0%| F|  |TAMS 0x0000000704800000| PB 0x0000000704800000| Untracked 
|  31|0x0000000704a00000, 0x0000000704a00000, 0x0000000704c00000|  0%| F|  |TAMS 0x0000000704a00000| PB 0x0000000704a00000| Untracked 
|  32|0x0000000704c00000, 0x0000000704c00000, 0x0000000704e00000|  0%| F|  |TAMS 0x0000000704c00000| PB 0x0000000704c00000| Untracked 
|  33|0x0000000704e00000, 0x0000000704e00000, 0x0000000705000000|  0%| F|  |TAMS 0x0000000704e00000| PB 0x0000000704e00000| Untracked 
|  34|0x0000000705000000, 0x0000000705000000, 0x0000000705200000|  0%| F|  |TAMS 0x0000000705000000| PB 0x0000000705000000| Untracked 
|  35|0x0000000705200000, 0x0000000705200000, 0x0000000705400000|  0%| F|  |TAMS 0x0000000705200000| PB 0x0000000705200000| Untracked 
|  36|0x0000000705400000, 0x0000000705400000, 0x0000000705600000|  0%| F|  |TAMS 0x0000000705400000| PB 0x0000000705400000| Untracked 
|  37|0x0000000705600000, 0x0000000705600000, 0x0000000705800000|  0%| F|  |TAMS 0x0000000705600000| PB 0x0000000705600000| Untracked 
|  38|0x0000000705800000, 0x0000000705800000, 0x0000000705a00000|  0%| F|  |TAMS 0x0000000705800000| PB 0x0000000705800000| Untracked 
|  39|0x0000000705a00000, 0x0000000705a00000, 0x0000000705c00000|  0%| F|  |TAMS 0x0000000705a00000| PB 0x0000000705a00000| Untracked 
|  40|0x0000000705c00000, 0x0000000705c00000, 0x0000000705e00000|  0%| F|  |TAMS 0x0000000705c00000| PB 0x0000000705c00000| Untracked 
|  41|0x0000000705e00000, 0x0000000705e00000, 0x0000000706000000|  0%| F|  |TAMS 0x0000000705e00000| PB 0x0000000705e00000| Untracked 
|  42|0x0000000706000000, 0x0000000706000000, 0x0000000706200000|  0%| F|  |TAMS 0x0000000706000000| PB 0x0000000706000000| Untracked 
|  43|0x0000000706200000, 0x0000000706200000, 0x0000000706400000|  0%| F|  |TAMS 0x0000000706200000| PB 0x0000000706200000| Untracked 
|  44|0x0000000706400000, 0x0000000706400000, 0x0000000706600000|  0%| F|  |TAMS 0x0000000706400000| PB 0x0000000706400000| Untracked 
|  45|0x0000000706600000, 0x0000000706600000, 0x0000000706800000|  0%| F|  |TAMS 0x0000000706600000| PB 0x0000000706600000| Untracked 
|  46|0x0000000706800000, 0x0000000706800000, 0x0000000706a00000|  0%| F|  |TAMS 0x0000000706800000| PB 0x0000000706800000| Untracked 
|  47|0x0000000706a00000, 0x0000000706a00000, 0x0000000706c00000|  0%| F|  |TAMS 0x0000000706a00000| PB 0x0000000706a00000| Untracked 
|  48|0x0000000706c00000, 0x0000000706c00000, 0x0000000706e00000|  0%| F|  |TAMS 0x0000000706c00000| PB 0x0000000706c00000| Untracked 
|  49|0x0000000706e00000, 0x0000000706e00000, 0x0000000707000000|  0%| F|  |TAMS 0x0000000706e00000| PB 0x0000000706e00000| Untracked 
|  50|0x0000000707000000, 0x0000000707000000, 0x0000000707200000|  0%| F|  |TAMS 0x0000000707000000| PB 0x0000000707000000| Untracked 
|  51|0x0000000707200000, 0x0000000707200000, 0x0000000707400000|  0%| F|  |TAMS 0x0000000707200000| PB 0x0000000707200000| Untracked 
|  52|0x0000000707400000, 0x0000000707400000, 0x0000000707600000|  0%| F|  |TAMS 0x0000000707400000| PB 0x0000000707400000| Untracked 
|  53|0x0000000707600000, 0x0000000707600000, 0x0000000707800000|  0%| F|  |TAMS 0x0000000707600000| PB 0x0000000707600000| Untracked 
|  54|0x0000000707800000, 0x0000000707800000, 0x0000000707a00000|  0%| F|  |TAMS 0x0000000707800000| PB 0x0000000707800000| Untracked 
|  55|0x0000000707a00000, 0x0000000707a00000, 0x0000000707c00000|  0%| F|  |TAMS 0x0000000707a00000| PB 0x0000000707a00000| Untracked 
|  56|0x0000000707c00000, 0x0000000707c00000, 0x0000000707e00000|  0%| F|  |TAMS 0x0000000707c00000| PB 0x0000000707c00000| Untracked 
|  57|0x0000000707e00000, 0x0000000707e00000, 0x0000000708000000|  0%| F|  |TAMS 0x0000000707e00000| PB 0x0000000707e00000| Untracked 
|  58|0x0000000708000000, 0x0000000708000000, 0x0000000708200000|  0%| F|  |TAMS 0x0000000708000000| PB 0x0000000708000000| Untracked 
|  59|0x0000000708200000, 0x0000000708200000, 0x0000000708400000|  0%| F|  |TAMS 0x0000000708200000| PB 0x0000000708200000| Untracked 
|  60|0x0000000708400000, 0x0000000708400000, 0x0000000708600000|  0%| F|  |TAMS 0x0000000708400000| PB 0x0000000708400000| Untracked 
|  61|0x0000000708600000, 0x0000000708600000, 0x0000000708800000|  0%| F|  |TAMS 0x0000000708600000| PB 0x0000000708600000| Untracked 
|  62|0x0000000708800000, 0x0000000708800000, 0x0000000708a00000|  0%| F|  |TAMS 0x0000000708800000| PB 0x0000000708800000| Untracked 
|  63|0x0000000708a00000, 0x0000000708a00000, 0x0000000708c00000|  0%| F|  |TAMS 0x0000000708a00000| PB 0x0000000708a00000| Untracked 
|  64|0x0000000708c00000, 0x0000000708c00000, 0x0000000708e00000|  0%| F|  |TAMS 0x0000000708c00000| PB 0x0000000708c00000| Untracked 
|  65|0x0000000708e00000, 0x0000000708e00000, 0x0000000709000000|  0%| F|  |TAMS 0x0000000708e00000| PB 0x0000000708e00000| Untracked 
|  66|0x0000000709000000, 0x0000000709000000, 0x0000000709200000|  0%| F|  |TAMS 0x0000000709000000| PB 0x0000000709000000| Untracked 
|  67|0x0000000709200000, 0x0000000709200000, 0x0000000709400000|  0%| F|  |TAMS 0x0000000709200000| PB 0x0000000709200000| Untracked 
|  68|0x0000000709400000, 0x0000000709400000, 0x0000000709600000|  0%| F|  |TAMS 0x0000000709400000| PB 0x0000000709400000| Untracked 
|  69|0x0000000709600000, 0x0000000709600000, 0x0000000709800000|  0%| F|  |TAMS 0x0000000709600000| PB 0x0000000709600000| Untracked 
|  70|0x0000000709800000, 0x0000000709800000, 0x0000000709a00000|  0%| F|  |TAMS 0x0000000709800000| PB 0x0000000709800000| Untracked 
|  71|0x0000000709a00000, 0x0000000709a00000, 0x0000000709c00000|  0%| F|  |TAMS 0x0000000709a00000| PB 0x0000000709a00000| Untracked 
|  72|0x0000000709c00000, 0x0000000709c00000, 0x0000000709e00000|  0%| F|  |TAMS 0x0000000709c00000| PB 0x0000000709c00000| Untracked 
|  73|0x0000000709e00000, 0x0000000709e00000, 0x000000070a000000|  0%| F|  |TAMS 0x0000000709e00000| PB 0x0000000709e00000| Untracked 
|  74|0x000000070a000000, 0x000000070a000000, 0x000000070a200000|  0%| F|  |TAMS 0x000000070a000000| PB 0x000000070a000000| Untracked 
|  75|0x000000070a200000, 0x000000070a200000, 0x000000070a400000|  0%| F|  |TAMS 0x000000070a200000| PB 0x000000070a200000| Untracked 
|  76|0x000000070a400000, 0x000000070a400000, 0x000000070a600000|  0%| F|  |TAMS 0x000000070a400000| PB 0x000000070a400000| Untracked 
|  77|0x000000070a600000, 0x000000070a600000, 0x000000070a800000|  0%| F|  |TAMS 0x000000070a600000| PB 0x000000070a600000| Untracked 
|  78|0x000000070a800000, 0x000000070a800000, 0x000000070aa00000|  0%| F|  |TAMS 0x000000070a800000| PB 0x000000070a800000| Untracked 
|  79|0x000000070aa00000, 0x000000070aa00000, 0x000000070ac00000|  0%| F|  |TAMS 0x000000070aa00000| PB 0x000000070aa00000| Untracked 
|  80|0x000000070ac00000, 0x000000070ac00000, 0x000000070ae00000|  0%| F|  |TAMS 0x000000070ac00000| PB 0x000000070ac00000| Untracked 
|  81|0x000000070ae00000, 0x000000070ae00000, 0x000000070b000000|  0%| F|  |TAMS 0x000000070ae00000| PB 0x000000070ae00000| Untracked 
|  82|0x000000070b000000, 0x000000070b000000, 0x000000070b200000|  0%| F|  |TAMS 0x000000070b000000| PB 0x000000070b000000| Untracked 
|  83|0x000000070b200000, 0x000000070b200000, 0x000000070b400000|  0%| F|  |TAMS 0x000000070b200000| PB 0x000000070b200000| Untracked 
|  84|0x000000070b400000, 0x000000070b400000, 0x000000070b600000|  0%| F|  |TAMS 0x000000070b400000| PB 0x000000070b400000| Untracked 
|  85|0x000000070b600000, 0x000000070b600000, 0x000000070b800000|  0%| F|  |TAMS 0x000000070b600000| PB 0x000000070b600000| Untracked 
|  86|0x000000070b800000, 0x000000070b800000, 0x000000070ba00000|  0%| F|  |TAMS 0x000000070b800000| PB 0x000000070b800000| Untracked 
|  87|0x000000070ba00000, 0x000000070ba00000, 0x000000070bc00000|  0%| F|  |TAMS 0x000000070ba00000| PB 0x000000070ba00000| Untracked 
|  88|0x000000070bc00000, 0x000000070bc00000, 0x000000070be00000|  0%| F|  |TAMS 0x000000070bc00000| PB 0x000000070bc00000| Untracked 
|  89|0x000000070be00000, 0x000000070be00000, 0x000000070c000000|  0%| F|  |TAMS 0x000000070be00000| PB 0x000000070be00000| Untracked 
|  90|0x000000070c000000, 0x000000070c000000, 0x000000070c200000|  0%| F|  |TAMS 0x000000070c000000| PB 0x000000070c000000| Untracked 
|  91|0x000000070c200000, 0x000000070c200000, 0x000000070c400000|  0%| F|  |TAMS 0x000000070c200000| PB 0x000000070c200000| Untracked 
|  92|0x000000070c400000, 0x000000070c400000, 0x000000070c600000|  0%| F|  |TAMS 0x000000070c400000| PB 0x000000070c400000| Untracked 
|  93|0x000000070c600000, 0x000000070c600000, 0x000000070c800000|  0%| F|  |TAMS 0x000000070c600000| PB 0x000000070c600000| Untracked 
|  94|0x000000070c800000, 0x000000070c800000, 0x000000070ca00000|  0%| F|  |TAMS 0x000000070c800000| PB 0x000000070c800000| Untracked 
|  95|0x000000070ca00000, 0x000000070ca00000, 0x000000070cc00000|  0%| F|  |TAMS 0x000000070ca00000| PB 0x000000070ca00000| Untracked 
|  96|0x000000070cc00000, 0x000000070cc00000, 0x000000070ce00000|  0%| F|  |TAMS 0x000000070cc00000| PB 0x000000070cc00000| Untracked 
|  97|0x000000070ce00000, 0x000000070ce00000, 0x000000070d000000|  0%| F|  |TAMS 0x000000070ce00000| PB 0x000000070ce00000| Untracked 
|  98|0x000000070d000000, 0x000000070d000000, 0x000000070d200000|  0%| F|  |TAMS 0x000000070d000000| PB 0x000000070d000000| Untracked 
|  99|0x000000070d200000, 0x000000070d200000, 0x000000070d400000|  0%| F|  |TAMS 0x000000070d200000| PB 0x000000070d200000| Untracked 
| 100|0x000000070d400000, 0x000000070d400000, 0x000000070d600000|  0%| F|  |TAMS 0x000000070d400000| PB 0x000000070d400000| Untracked 
| 101|0x000000070d600000, 0x000000070d600000, 0x000000070d800000|  0%| F|  |TAMS 0x000000070d600000| PB 0x000000070d600000| Untracked 
| 102|0x000000070d800000, 0x000000070d800000, 0x000000070da00000|  0%| F|  |TAMS 0x000000070d800000| PB 0x000000070d800000| Untracked 
| 103|0x000000070da00000, 0x000000070da00000, 0x000000070dc00000|  0%| F|  |TAMS 0x000000070da00000| PB 0x000000070da00000| Untracked 
| 104|0x000000070dc00000, 0x000000070dc00000, 0x000000070de00000|  0%| F|  |TAMS 0x000000070dc00000| PB 0x000000070dc00000| Untracked 
| 105|0x000000070de00000, 0x000000070de00000, 0x000000070e000000|  0%| F|  |TAMS 0x000000070de00000| PB 0x000000070de00000| Untracked 
| 106|0x000000070e000000, 0x000000070e000000, 0x000000070e200000|  0%| F|  |TAMS 0x000000070e000000| PB 0x000000070e000000| Untracked 
| 107|0x000000070e200000, 0x000000070e200000, 0x000000070e400000|  0%| F|  |TAMS 0x000000070e200000| PB 0x000000070e200000| Untracked 
| 108|0x000000070e400000, 0x000000070e400000, 0x000000070e600000|  0%| F|  |TAMS 0x000000070e400000| PB 0x000000070e400000| Untracked 
| 109|0x000000070e600000, 0x000000070e600000, 0x000000070e800000|  0%| F|  |TAMS 0x000000070e600000| PB 0x000000070e600000| Untracked 
| 110|0x000000070e800000, 0x000000070e800000, 0x000000070ea00000|  0%| F|  |TAMS 0x000000070e800000| PB 0x000000070e800000| Untracked 
| 111|0x000000070ea00000, 0x000000070ec00000, 0x000000070ec00000|100%| E|  |TAMS 0x000000070ea00000| PB 0x000000070ea00000| Complete 
| 112|0x000000070ec00000, 0x000000070eca0e00, 0x000000070ee00000| 31%| S|CS|TAMS 0x000000070ec00000| PB 0x000000070ec00000| Complete 
| 113|0x000000070ee00000, 0x000000070f000000, 0x000000070f000000|100%| E|CS|TAMS 0x000000070ee00000| PB 0x000000070ee00000| Complete 
| 114|0x000000070f000000, 0x000000070f200000, 0x000000070f200000|100%| E|CS|TAMS 0x000000070f000000| PB 0x000000070f000000| Complete 
| 115|0x000000070f200000, 0x000000070f400000, 0x000000070f400000|100%| E|CS|TAMS 0x000000070f200000| PB 0x000000070f200000| Complete 
| 116|0x000000070f400000, 0x000000070f600000, 0x000000070f600000|100%| E|CS|TAMS 0x000000070f400000| PB 0x000000070f400000| Complete 
| 117|0x000000070f600000, 0x000000070f800000, 0x000000070f800000|100%| E|CS|TAMS 0x000000070f600000| PB 0x000000070f600000| Complete 
| 118|0x000000070f800000, 0x000000070fa00000, 0x000000070fa00000|100%| E|CS|TAMS 0x000000070f800000| PB 0x000000070f800000| Complete 
| 119|0x000000070fa00000, 0x000000070fc00000, 0x000000070fc00000|100%| E|CS|TAMS 0x000000070fa00000| PB 0x000000070fa00000| Complete 
| 120|0x000000070fc00000, 0x000000070fe00000, 0x000000070fe00000|100%| E|CS|TAMS 0x000000070fc00000| PB 0x000000070fc00000| Complete 
| 121|0x000000070fe00000, 0x0000000710000000, 0x0000000710000000|100%| E|CS|TAMS 0x000000070fe00000| PB 0x000000070fe00000| Complete 
| 122|0x0000000710000000, 0x0000000710200000, 0x0000000710200000|100%| E|CS|TAMS 0x0000000710000000| PB 0x0000000710000000| Complete 
| 123|0x0000000710200000, 0x0000000710400000, 0x0000000710400000|100%| E|CS|TAMS 0x0000000710200000| PB 0x0000000710200000| Complete 
| 124|0x0000000710400000, 0x0000000710600000, 0x0000000710600000|100%| E|CS|TAMS 0x0000000710400000| PB 0x0000000710400000| Complete 
| 125|0x0000000710600000, 0x0000000710800000, 0x0000000710800000|100%| E|CS|TAMS 0x0000000710600000| PB 0x0000000710600000| Complete 
| 126|0x0000000710800000, 0x0000000710a00000, 0x0000000710a00000|100%| E|CS|TAMS 0x0000000710800000| PB 0x0000000710800000| Complete 
| 127|0x0000000710a00000, 0x0000000710c00000, 0x0000000710c00000|100%| E|CS|TAMS 0x0000000710a00000| PB 0x0000000710a00000| Complete 

Card table byte_map: [0x00000254a7010000,0x00000254a7810000] _byte_map_base: 0x00000254a380a000

Marking Bits: (CMBitMap*) 0x0000025491954510
 Bits: [0x00000254a7810000, 0x00000254ab7e0000)

Polling page: 0x0000025496b60000

Metaspace:

Usage:
  Non-class:      8.67 MB used.
      Class:    964.39 KB used.
       Both:      9.62 MB used.

Virtual space:
  Non-class space:       64.00 MB reserved,       8.75 MB ( 14%) committed,  1 nodes.
      Class space:        1.00 GB reserved,       1.06 MB ( <1%) committed,  1 nodes.
             Both:        1.06 GB reserved,       9.81 MB ( <1%) committed. 

Chunk freelists:
   Non-Class:  6.72 MB
       Class:  14.86 MB
        Both:  21.58 MB

MaxMetaspaceSize: unlimited
CompressedClassSpaceSize: 1.00 GB
Initial GC threshold: 21.00 MB
Current GC threshold: 21.00 MB
CDS: on
 - commit_granule_bytes: 65536.
 - commit_granule_words: 8192.
 - virtual_space_node_default_size: 8388608.
 - enlarge_chunks_in_place: 1.
 - use_allocation_guard: 0.


Internal statistics:

num_allocs_failed_limit: 0.
num_arena_births: 52.
num_arena_deaths: 0.
num_vsnodes_births: 2.
num_vsnodes_deaths: 0.
num_space_committed: 157.
num_space_uncommitted: 0.
num_chunks_returned_to_freelist: 0.
num_chunks_taken_from_freelist: 282.
num_chunk_merges: 0.
num_chunk_splits: 219.
num_chunks_enlarged: 194.
num_inconsistent_stats: 0.

CodeHeap 'non-profiled nmethods': size=120000Kb used=889Kb max_used=889Kb free=119110Kb
 bounds [0x000002549e650000, 0x000002549e8c0000, 0x00000254a5b80000]
CodeHeap 'profiled nmethods': size=120000Kb used=2897Kb max_used=2897Kb free=117102Kb
 bounds [0x0000025496b80000, 0x0000025496e60000, 0x000002549e0b0000]
CodeHeap 'non-nmethods': size=5760Kb used=1683Kb max_used=1686Kb free=4076Kb
 bounds [0x000002549e0b0000, 0x000002549e320000, 0x000002549e650000]
CodeCache: size=245760Kb, used=5469Kb, max_used=5472Kb, free=240288Kb
 total_blobs=2208, nmethods=1484, adapters=629, full_count=0
Compilation: enabled, stopped_count=0, restarted_count=0

Compilation events (20 events):
Event: 3.829 Thread 0x00000254ae506e40 nmethod 1475 0x000002549e72d690 code [0x000002549e72d820, 0x000002549e72d8e8]
Event: 3.829 Thread 0x00000254ae5067a0 nmethod 1474 0x000002549e72d990 code [0x000002549e72db20, 0x000002549e72dbe8]
Event: 3.829 Thread 0x00000254ae506e40 1476       3       java.lang.Class::reflectionData (43 bytes)
Event: 3.829 Thread 0x00000254ae506e40 nmethod 1476 0x0000025496e50090 code [0x0000025496e50260, 0x0000025496e50660]
Event: 3.830 Thread 0x00000254ae506e40 1477       3       jdk.internal.org.objectweb.asm.MethodWriter::visitLabel (330 bytes)
Event: 3.831 Thread 0x00000254ae506e40 nmethod 1477 0x0000025496e50790 code [0x0000025496e50a20, 0x0000025496e517a0]
Event: 3.831 Thread 0x00000254ae506e40 1478       3       jdk.internal.org.objectweb.asm.Frame::accept (264 bytes)
Event: 3.831 Thread 0x00000254ae506e40 nmethod 1478 0x0000025496e51a10 code [0x0000025496e51c40, 0x0000025496e524f8]
Event: 3.831 Thread 0x00000254ae506e40 1480       3       jdk.internal.org.objectweb.asm.SymbolTable::addConstantNameAndType (137 bytes)
Event: 3.832 Thread 0x00000254ae506e40 nmethod 1480 0x0000025496e52890 code [0x0000025496e52b00, 0x0000025496e53218]
Event: 3.832 Thread 0x00000254ae506e40 1479       3       jdk.internal.org.objectweb.asm.Edge::<init> (20 bytes)
Event: 3.832 Thread 0x00000254ae506e40 nmethod 1479 0x0000025496e53610 code [0x0000025496e537c0, 0x0000025496e539f8]
Event: 3.832 Thread 0x00000254ae506e40 1481       3       jdk.internal.org.objectweb.asm.SymbolTable$Entry::<init> (20 bytes)
Event: 3.832 Thread 0x00000254ae506e40 nmethod 1481 0x0000025496e53a90 code [0x0000025496e53c40, 0x0000025496e53d98]
Event: 3.832 Thread 0x00000254ae506e40 1482       3       jdk.internal.org.objectweb.asm.AnnotationWriter::putAnnotations (67 bytes)
Event: 3.832 Thread 0x00000254ae506e40 nmethod 1482 0x0000025496e53e90 code [0x0000025496e540c0, 0x0000025496e54498]
Event: 3.835 Thread 0x00000254ae5067a0 1483       4       jdk.internal.misc.InternalLock::unlock (8 bytes)
Event: 3.837 Thread 0x00000254ae5067a0 nmethod 1483 0x000002549e72dc90 code [0x000002549e72de40, 0x000002549e72e058]
Event: 3.841 Thread 0x00000254ae506e40 1484       1       ch.qos.logback.core.pattern.Converter::getNext (5 bytes)
Event: 3.841 Thread 0x00000254ae506e40 nmethod 1484 0x000002549e72e210 code [0x000002549e72e3a0, 0x000002549e72e470]

GC Heap History (5 events):
Event: 0.554 GC heap before
{Heap before GC invocations=0 (full 0):
 garbage-first heap   total 262144K, used 22528K [0x0000000700c00000, 0x0000000800000000)
  region size 2048K, 11 young (22528K), 0 survivors (0K)
 Metaspace       used 5474K, committed 5632K, reserved 1114112K
  class space    used 540K, committed 640K, reserved 1048576K
}
Event: 0.557 GC heap after
{Heap after GC invocations=1 (full 0):
 garbage-first heap   total 262144K, used 5410K [0x0000000700c00000, 0x0000000800000000)
  region size 2048K, 2 young (4096K), 2 survivors (4096K)
 Metaspace       used 5474K, committed 5632K, reserved 1114112K
  class space    used 540K, committed 640K, reserved 1048576K
}
Event: 1.126 GC heap before
{Heap before GC invocations=1 (full 0):
 garbage-first heap   total 262144K, used 32034K [0x0000000700c00000, 0x0000000800000000)
  region size 2048K, 15 young (30720K), 2 survivors (4096K)
 Metaspace       used 7812K, committed 7936K, reserved 1114112K
  class space    used 759K, committed 832K, reserved 1048576K
}
Event: 1.129 GC heap after
{Heap after GC invocations=2 (full 0):
 garbage-first heap   total 262144K, used 6138K [0x0000000700c00000, 0x0000000800000000)
  region size 2048K, 1 young (2048K), 1 survivors (2048K)
 Metaspace       used 7812K, committed 7936K, reserved 1114112K
  class space    used 759K, committed 832K, reserved 1048576K
}
Event: 3.876 GC heap before
{Heap before GC invocations=2 (full 0):
 garbage-first heap   total 262144K, used 36858K [0x0000000700c00000, 0x0000000800000000)
  region size 2048K, 17 young (34816K), 1 survivors (2048K)
 Metaspace       used 9846K, committed 10048K, reserved 1114112K
  class space    used 964K, committed 1088K, reserved 1048576K
}

Dll operation events (20 events):
Event: 0.729 Loaded shared library C:\Users\david\.javacpp\cache\javacpp-1.5.7-windows-x86_64.jar\org\bytedeco\javacpp\windows-x86_64\vcruntime140_1.dll
Event: 0.736 Loaded shared library C:\Users\david\.javacpp\cache\javacpp-1.5.7-windows-x86_64.jar\org\bytedeco\javacpp\windows-x86_64\msvcp140.dll
Event: 0.743 Loaded shared library C:\Users\david\.javacpp\cache\javacpp-1.5.7-windows-x86_64.jar\org\bytedeco\javacpp\windows-x86_64\msvcp140_1.dll
Event: 0.750 Loaded shared library C:\Users\david\.javacpp\cache\javacpp-1.5.7-windows-x86_64.jar\org\bytedeco\javacpp\windows-x86_64\concrt140.dll
Event: 0.757 Loaded shared library C:\Users\david\.javacpp\cache\javacpp-1.5.7-windows-x86_64.jar\org\bytedeco\javacpp\windows-x86_64\vcomp140.dll
Event: 0.764 Loaded shared library C:\Users\david\.javacpp\cache\javacpp-1.5.7-windows-x86_64.jar\org\bytedeco\javacpp\windows-x86_64\jnijavacpp.dll
Event: 0.808 Loaded shared library C:\Program Files\NVIDIA GPU Computing Toolkit\CUDA\v11.6\bin\cudart64_110.dll
Event: 0.821 Loaded shared library C:\Users\david\.javacpp\cache\cuda-11.6-8.3-1.5.7-windows-x86_64.jar\org\bytedeco\cuda\windows-x86_64\jnicudart.dll
Event: 0.963 Loaded shared library C:\Program Files\NVIDIA GPU Computing Toolkit\CUDA\v11.6\bin\cublasLt64_11.dll
Event: 0.980 Loaded shared library C:\Program Files\NVIDIA GPU Computing Toolkit\CUDA\v11.6\bin\cublas64_11.dll
Event: 1.003 Loaded shared library C:\Users\david\.javacpp\cache\cuda-11.6-8.3-1.5.7-windows-x86_64.jar\org\bytedeco\cuda\windows-x86_64\jnicublas.dll
Event: 1.073 Loaded shared library C:\Program Files\NVIDIA GPU Computing Toolkit\CUDA\v11.6\bin\curand64_10.dll
Event: 1.123 Loaded shared library C:\Program Files\NVIDIA GPU Computing Toolkit\CUDA\v11.6\bin\cusolver64_11.dll
Event: 1.180 Loaded shared library C:\Program Files\NVIDIA GPU Computing Toolkit\CUDA\v11.6\bin\cusparse64_11.dll
Event: 1.369 Loaded shared library C:\Users\david\.javacpp\cache\nd4j-cuda-11.6-1.0.0-M2.1-windows-x86_64.jar\org\nd4j\linalg\jcublas\bindings\windows-x86_64\libwinpthread-1.dll
Event: 1.388 Loaded shared library C:\Users\david\.javacpp\cache\nd4j-cuda-11.6-1.0.0-M2.1-windows-x86_64.jar\org\nd4j\linalg\jcublas\bindings\windows-x86_64\libgcc_s_seh-1.dll
Event: 1.408 Loaded shared library C:\Users\david\.javacpp\cache\nd4j-cuda-11.6-1.0.0-M2.1-windows-x86_64.jar\org\nd4j\linalg\jcublas\bindings\windows-x86_64\libgomp-1.dll
Event: 1.429 Loaded shared library C:\Users\david\.javacpp\cache\nd4j-cuda-11.6-1.0.0-M2.1-windows-x86_64.jar\org\nd4j\linalg\jcublas\bindings\windows-x86_64\libstdc++-6.dll
Event: 1.537 Loaded shared library C:\Users\david\.javacpp\cache\nd4j-cuda-11.6-1.0.0-M2.1-windows-x86_64.jar\org\nd4j\linalg\jcublas\bindings\windows-x86_64\nd4jcuda.dll
Event: 1.562 Loaded shared library C:\Users\david\.javacpp\cache\nd4j-cuda-11.6-1.0.0-M2.1-windows-x86_64.jar\org\nd4j\linalg\jcublas\bindings\windows-x86_64\jnind4jcuda.dll

Deoptimization events (20 events):
Event: 3.825 Thread 0x00000254916dc550 Uncommon trap: trap_request=0xffffffde fr.pc=0x000002549e6a426c relative=0x00000000000005ac
Event: 3.825 Thread 0x00000254916dc550 Uncommon trap: reason=class_check action=maybe_recompile pc=0x000002549e6a426c method=java.util.regex.Pattern$Start.match(Ljava/util/regex/Matcher;ILjava/lang/CharSequence;)Z @ 44 c2
Event: 3.825 Thread 0x00000254916dc550 DEOPT PACKING pc=0x000002549e6a426c sp=0x000000b6586fdee0
Event: 3.825 Thread 0x00000254916dc550 DEOPT UNPACKING pc=0x000002549e1046a2 sp=0x000000b6586fde40 mode 2
Event: 3.825 Thread 0x00000254916dc550 Uncommon trap: trap_request=0xffffffde fr.pc=0x000002549e69f7d8 relative=0x00000000000002f8
Event: 3.825 Thread 0x00000254916dc550 Uncommon trap: reason=class_check action=maybe_recompile pc=0x000002549e69f7d8 method=java.util.regex.Pattern$BmpCharPropertyGreedy.match(Ljava/util/regex/Matcher;ILjava/lang/CharSequence;)Z @ 26 c2
Event: 3.825 Thread 0x00000254916dc550 DEOPT PACKING pc=0x000002549e69f7d8 sp=0x000000b6586fdc90
Event: 3.825 Thread 0x00000254916dc550 DEOPT UNPACKING pc=0x000002549e1046a2 sp=0x000000b6586fdc48 mode 2
Event: 3.825 Thread 0x00000254916dc550 Uncommon trap: trap_request=0xffffffde fr.pc=0x000002549e69f7d8 relative=0x00000000000002f8
Event: 3.825 Thread 0x00000254916dc550 Uncommon trap: reason=class_check action=maybe_recompile pc=0x000002549e69f7d8 method=java.util.regex.Pattern$BmpCharPropertyGreedy.match(Ljava/util/regex/Matcher;ILjava/lang/CharSequence;)Z @ 26 c2
Event: 3.825 Thread 0x00000254916dc550 DEOPT PACKING pc=0x000002549e69f7d8 sp=0x000000b6586fdc10
Event: 3.825 Thread 0x00000254916dc550 DEOPT UNPACKING pc=0x000002549e1046a2 sp=0x000000b6586fdbc8 mode 2
Event: 3.825 Thread 0x00000254916dc550 Uncommon trap: trap_request=0xffffffde fr.pc=0x000002549e69f7d8 relative=0x00000000000002f8
Event: 3.825 Thread 0x00000254916dc550 Uncommon trap: reason=class_check action=maybe_recompile pc=0x000002549e69f7d8 method=java.util.regex.Pattern$BmpCharPropertyGreedy.match(Ljava/util/regex/Matcher;ILjava/lang/CharSequence;)Z @ 26 c2
Event: 3.825 Thread 0x00000254916dc550 DEOPT PACKING pc=0x000002549e69f7d8 sp=0x000000b6586fd970
Event: 3.825 Thread 0x00000254916dc550 DEOPT UNPACKING pc=0x000002549e1046a2 sp=0x000000b6586fd928 mode 2
Event: 3.825 Thread 0x00000254916dc550 Uncommon trap: trap_request=0xffffffde fr.pc=0x000002549e69f7d8 relative=0x00000000000002f8
Event: 3.825 Thread 0x00000254916dc550 Uncommon trap: reason=class_check action=maybe_recompile pc=0x000002549e69f7d8 method=java.util.regex.Pattern$BmpCharPropertyGreedy.match(Ljava/util/regex/Matcher;ILjava/lang/CharSequence;)Z @ 26 c2
Event: 3.825 Thread 0x00000254916dc550 DEOPT PACKING pc=0x000002549e69f7d8 sp=0x000000b6586fd880
Event: 3.825 Thread 0x00000254916dc550 DEOPT UNPACKING pc=0x000002549e1046a2 sp=0x000000b6586fd838 mode 2

Classes loaded (20 events):
Event: 3.740 Loading class java/util/concurrent/ConcurrentLinkedQueue
Event: 3.741 Loading class java/util/concurrent/ConcurrentLinkedQueue done
Event: 3.741 Loading class java/util/concurrent/ConcurrentLinkedQueue$Node
Event: 3.741 Loading class java/util/concurrent/ConcurrentLinkedQueue$Node done
Event: 3.750 Loading class sun/invoke/util/ValueConversions$1
Event: 3.750 Loading class sun/invoke/util/ValueConversions$1 done
Event: 3.751 Loading class java/lang/invoke/BoundMethodHandle$Species_LI
Event: 3.751 Loading class java/lang/invoke/BoundMethodHandle$Species_LI done
Event: 3.825 Loading class jdk/internal/math/FormattedFPDecimal
Event: 3.825 Loading class jdk/internal/math/FormattedFPDecimal done
Event: 3.849 Loading class java/io/ObjectOutputStream
Event: 3.849 Loading class java/io/ObjectOutput
Event: 3.849 Loading class java/io/ObjectOutput done
Event: 3.849 Loading class java/io/ObjectStreamConstants
Event: 3.849 Loading class java/io/ObjectStreamConstants done
Event: 3.849 Loading class java/io/ObjectOutputStream done
Event: 3.849 Loading class java/io/ObjectInputStream
Event: 3.849 Loading class java/io/ObjectInput
Event: 3.849 Loading class java/io/ObjectInput done
Event: 3.849 Loading class java/io/ObjectInputStream done

Classes unloaded (0 events):
No events

Classes redefined (0 events):
No events

Internal exceptions (15 events):
Event: 0.272 Thread 0x00000254916dc550 Exception <a 'java/lang/ClassNotFoundException'{0x0000000710093928}: javax/smartcardio/CardPermission> (0x0000000710093928) 
thrown [s\src\hotspot\share\classfile\systemDictionary.cpp, line 312]
Event: 0.274 Thread 0x00000254916dc550 Exception <a 'java/io/FileNotFoundException'{0x00000007100a22e8}> (0x00000007100a22e8) 
thrown [s\src\hotspot\share\prims\jni.cpp, line 520]
Event: 0.496 Thread 0x00000254916dc550 Exception <a 'java/lang/NoSuchMethodError'{0x000000070f9da268}: 'int java.lang.invoke.DirectMethodHandle$Holder.invokeStaticInit(java.lang.Object, java.lang.Object, java.lang.Object, java.lang.Object)'> (0x000000070f9da268) 
thrown [s\src\hotspot\share\interpreter\linkResolver.cpp, line 773]
Event: 0.497 Thread 0x00000254916dc550 Exception <a 'java/lang/NoSuchMethodError'{0x000000070f9e30e0}: 'java.lang.Object java.lang.invoke.DirectMethodHandle$Holder.invokeInterface(java.lang.Object, java.lang.Object)'> (0x000000070f9e30e0) 
thrown [s\src\hotspot\share\interpreter\linkResolver.cpp, line 773]
Event: 0.497 Thread 0x00000254916dc550 Exception <a 'java/lang/IncompatibleClassChangeError'{0x000000070f9e6720}: Found class java.lang.Object, but interface was expected> (0x000000070f9e6720) 
thrown [s\src\hotspot\share\interpreter\linkResolver.cpp, line 840]
Event: 0.497 Thread 0x00000254916dc550 Exception <a 'java/lang/NoSuchMethodError'{0x000000070f9e9118}: 'void java.lang.invoke.DirectMethodHandle$Holder.invokeStatic(java.lang.Object, java.lang.Object)'> (0x000000070f9e9118) 
thrown [s\src\hotspot\share\interpreter\linkResolver.cpp, line 773]
Event: 0.498 Thread 0x00000254916dc550 Exception <a 'java/lang/NoSuchMethodError'{0x000000070f9ec6c0}: 'void java.lang.invoke.DirectMethodHandle$Holder.invokeStaticInit(java.lang.Object, java.lang.Object)'> (0x000000070f9ec6c0) 
thrown [s\src\hotspot\share\interpreter\linkResolver.cpp, line 773]
Event: 0.498 Thread 0x00000254916dc550 Exception <a 'java/lang/NoSuchMethodError'{0x000000070f9f2790}: 'int java.lang.invoke.DirectMethodHandle$Holder.invokeStaticInit(java.lang.Object, java.lang.Object)'> (0x000000070f9f2790) 
thrown [s\src\hotspot\share\interpreter\linkResolver.cpp, line 773]
Event: 0.812 Thread 0x00000254916dc550 Implicit null exception at 0x000002549e6c69a8 to 0x000002549e6c823c
Event: 1.037 Thread 0x00000254916dc550 Exception <a 'java/lang/NoSuchMethodError'{0x000000070f1640f0}: 'org.slf4j.impl.StaticMDCBinder org.slf4j.impl.StaticMDCBinder.getSingleton()'> (0x000000070f1640f0) 
thrown [s\src\hotspot\share\interpreter\linkResolver.cpp, line 773]
Event: 1.367 Thread 0x00000254916dc550 Exception <a 'java/lang/NoSuchMethodError'{0x000000070febce98}: 'java.lang.Object java.lang.invoke.DirectMethodHandle$Holder.invokeStatic(java.lang.Object, int, java.lang.Object)'> (0x000000070febce98) 
thrown [s\src\hotspot\share\interpreter\linkResolver.cpp, line 773]
Event: 3.750 Thread 0x00000254916dc550 Exception <a 'java/lang/NoSuchMethodError'{0x000000070eeae8a8}: 'java.lang.Object java.lang.invoke.DirectMethodHandle$Holder.newInvokeSpecial(java.lang.Object, java.lang.Object, int)'> (0x000000070eeae8a8) 
thrown [s\src\hotspot\share\interpreter\linkResolver.cpp, line 773]
Event: 3.750 Thread 0x00000254916dc550 Exception <a 'java/lang/NoSuchMethodError'{0x000000070eeb32e8}: 'int java.lang.invoke.DirectMethodHandle$Holder.invokeSpecial(java.lang.Object, java.lang.Object, java.lang.Object, int)'> (0x000000070eeb32e8) 
thrown [s\src\hotspot\share\interpreter\linkResolver.cpp, line 773]
Event: 3.751 Thread 0x00000254916dc550 Exception <a 'java/lang/NoSuchMethodError'{0x000000070eec5c98}: 'java.lang.Object java.lang.invoke.DirectMethodHandle$Holder.invokeStatic(java.lang.Object, java.lang.Object, java.lang.Object, java.lang.Object, int)'> (0x000000070eec5c98) 
thrown [s\src\hotspot\share\interpreter\linkResolver.cpp, line 773]
Event: 3.752 Thread 0x00000254916dc550 Exception <a 'java/lang/NoSuchMethodError'{0x000000070eed1948}: 'int java.lang.invoke.DirectMethodHandle$Holder.invokeSpecial(java.lang.Object, java.lang.Object, java.lang.Object)'> (0x000000070eed1948) 
thrown [s\src\hotspot\share\interpreter\linkResolver.cpp, line 773]

ZGC Phase Switch (0 events):
No events

VM Operations (20 events):
Event: 0.434 Executing VM operation: HandshakeAllThreads (Deoptimize) done
Event: 0.461 Executing VM operation: HandshakeAllThreads (Deoptimize)
Event: 0.461 Executing VM operation: HandshakeAllThreads (Deoptimize) done
Event: 0.464 Executing VM operation: HandshakeAllThreads (Deoptimize)
Event: 0.464 Executing VM operation: HandshakeAllThreads (Deoptimize) done
Event: 0.464 Executing VM operation: HandshakeAllThreads (Deoptimize)
Event: 0.464 Executing VM operation: HandshakeAllThreads (Deoptimize) done
Event: 0.552 Executing VM operation: ICBufferFull
Event: 0.552 Executing VM operation: ICBufferFull done
Event: 0.554 Executing VM operation: G1CollectForAllocation (G1 Evacuation Pause)
Event: 0.557 Executing VM operation: G1CollectForAllocation (G1 Evacuation Pause) done
Event: 1.045 Executing VM operation: HandshakeAllThreads (Deoptimize)
Event: 1.045 Executing VM operation: HandshakeAllThreads (Deoptimize) done
Event: 1.045 Executing VM operation: HandshakeAllThreads (Deoptimize)
Event: 1.045 Executing VM operation: HandshakeAllThreads (Deoptimize) done
Event: 1.126 Executing VM operation: G1CollectForAllocation (G1 Evacuation Pause)
Event: 1.129 Executing VM operation: G1CollectForAllocation (G1 Evacuation Pause) done
Event: 2.135 Executing VM operation: Cleanup
Event: 2.135 Executing VM operation: Cleanup done
Event: 3.861 Executing VM operation: G1CollectFull (System.gc())

Memory protections (0 events):
No events

Nmethod flushes (0 events):
No events

Events (14 events):
Event: 0.021 Thread 0x00000254916dc550 Thread added: 0x00000254916dc550
Event: 0.034 Thread 0x00000254916dc550 Thread added: 0x00000254ae4ed8b0
Event: 0.034 Thread 0x00000254916dc550 Thread added: 0x00000254ae4eed60
Event: 0.034 Thread 0x00000254916dc550 Thread added: 0x00000254ae4f10c0
Event: 0.034 Thread 0x00000254916dc550 Thread added: 0x00000254ae4f1d90
Event: 0.035 Thread 0x00000254916dc550 Thread added: 0x00000254ae4f55a0
Event: 0.035 Thread 0x00000254916dc550 Thread added: 0x00000254ae4fd0a0
Event: 0.035 Thread 0x00000254916dc550 Thread added: 0x00000254ae5067a0
Event: 0.035 Thread 0x00000254916dc550 Thread added: 0x00000254ae506e40
Event: 0.112 Thread 0x00000254916dc550 Thread added: 0x00000254ae4ff170
Event: 0.115 Thread 0x00000254916dc550 Thread added: 0x00000254ae4fbcf0
Event: 0.151 Thread 0x00000254ae5067a0 Thread added: 0x00000254ae7251c0
Event: 0.768 Thread 0x00000254916dc550 Thread added: 0x00000254ae4fca10
Event: 3.739 Thread 0x00000254ae7251c0 Thread exited: 0x00000254ae7251c0


Dynamic libraries:
0x00007ff7fce90000 - 0x00007ff7fce9e000 	D:\programmi\eclipse\plugins\org.eclipse.justj.openjdk.hotspot.jre.full.win32.x86_64_21.0.8.v20250724-1412\jre\bin\javaw.exe
0x00007ff9deef0000 - 0x00007ff9df0e8000 	C:\Windows\SYSTEM32\ntdll.dll
0x00007ff9ddb20000 - 0x00007ff9ddbe2000 	C:\Windows\System32\KERNEL32.DLL
0x00007ff9dc580000 - 0x00007ff9dc876000 	C:\Windows\System32\KERNELBASE.dll
0x00007ff9dc880000 - 0x00007ff9dc980000 	C:\Windows\System32\ucrtbase.dll
0x00007ff9cc420000 - 0x00007ff9cc438000 	D:\programmi\eclipse\plugins\org.eclipse.justj.openjdk.hotspot.jre.full.win32.x86_64_21.0.8.v20250724-1412\jre\bin\jli.dll
0x00007ff9cc140000 - 0x00007ff9cc15e000 	D:\programmi\eclipse\plugins\org.eclipse.justj.openjdk.hotspot.jre.full.win32.x86_64_21.0.8.v20250724-1412\jre\bin\VCRUNTIME140.dll
0x00007ff9ddca0000 - 0x00007ff9dde41000 	C:\Windows\System32\USER32.dll
0x00007ff9dcdc0000 - 0x00007ff9dcde2000 	C:\Windows\System32\win32u.dll
0x00007ff9cfab0000 - 0x00007ff9cfd4b000 	C:\Windows\WinSxS\amd64_microsoft.windows.common-controls_6595b64144ccf1df_6.0.19041.6456_none_60b8a6cb71f64256\COMCTL32.dll
0x00007ff9dde70000 - 0x00007ff9dde9b000 	C:\Windows\System32\GDI32.dll
0x00007ff9dee10000 - 0x00007ff9deeae000 	C:\Windows\System32\msvcrt.dll
0x00007ff9dcdf0000 - 0x00007ff9dcf09000 	C:\Windows\System32\gdi32full.dll
0x00007ff9dcc20000 - 0x00007ff9dccbd000 	C:\Windows\System32\msvcp_win.dll
0x00007ff9dea50000 - 0x00007ff9dea7f000 	C:\Windows\System32\IMM32.DLL
0x00007ff9d7470000 - 0x00007ff9d747c000 	D:\programmi\eclipse\plugins\org.eclipse.justj.openjdk.hotspot.jre.full.win32.x86_64_21.0.8.v20250724-1412\jre\bin\vcruntime140_1.dll
0x00007ff9c5c80000 - 0x00007ff9c5d0d000 	D:\programmi\eclipse\plugins\org.eclipse.justj.openjdk.hotspot.jre.full.win32.x86_64_21.0.8.v20250724-1412\jre\bin\msvcp140.dll
0x00007ff991610000 - 0x00007ff9923a7000 	D:\programmi\eclipse\plugins\org.eclipse.justj.openjdk.hotspot.jre.full.win32.x86_64_21.0.8.v20250724-1412\jre\bin\server\jvm.dll
0x00007ff9dd780000 - 0x00007ff9dd831000 	C:\Windows\System32\ADVAPI32.dll
0x00007ff9dcf10000 - 0x00007ff9dcfaf000 	C:\Windows\System32\sechost.dll
0x00007ff9debc0000 - 0x00007ff9dece0000 	C:\Windows\System32\RPCRT4.dll
0x00007ff9dcd40000 - 0x00007ff9dcd67000 	C:\Windows\System32\bcrypt.dll
0x00007ff9ddf00000 - 0x00007ff9ddf6b000 	C:\Windows\System32\WS2_32.dll
0x00007ff9dbac0000 - 0x00007ff9dbb0b000 	C:\Windows\SYSTEM32\POWRPROF.dll
0x00007ff9d5a30000 - 0x00007ff9d5a3a000 	C:\Windows\SYSTEM32\VERSION.dll
0x00007ff9d2490000 - 0x00007ff9d24b7000 	C:\Windows\SYSTEM32\WINMM.dll
0x00007ff9db980000 - 0x00007ff9db992000 	C:\Windows\SYSTEM32\UMPDC.dll
0x00007ff9dade0000 - 0x00007ff9dadf2000 	C:\Windows\SYSTEM32\kernel.appcore.dll
0x00007ff9d0670000 - 0x00007ff9d067a000 	D:\programmi\eclipse\plugins\org.eclipse.justj.openjdk.hotspot.jre.full.win32.x86_64_21.0.8.v20250724-1412\jre\bin\jimage.dll
0x00007ff9da250000 - 0x00007ff9da451000 	C:\Windows\SYSTEM32\DBGHELP.DLL
0x00007ff9cfef0000 - 0x00007ff9cff24000 	C:\Windows\SYSTEM32\dbgcore.DLL
0x00007ff9dc980000 - 0x00007ff9dca02000 	C:\Windows\System32\bcryptPrimitives.dll
0x00007ff9cbf30000 - 0x00007ff9cbf4f000 	D:\programmi\eclipse\plugins\org.eclipse.justj.openjdk.hotspot.jre.full.win32.x86_64_21.0.8.v20250724-1412\jre\bin\java.dll
0x00007ff9dcfb0000 - 0x00007ff9dd720000 	C:\Windows\System32\SHELL32.dll
0x00007ff9da500000 - 0x00007ff9daca5000 	C:\Windows\SYSTEM32\windows.storage.dll
0x00007ff9de4b0000 - 0x00007ff9de804000 	C:\Windows\System32\combase.dll
0x00007ff9dbfb0000 - 0x00007ff9dbfdb000 	C:\Windows\SYSTEM32\Wldp.dll
0x00007ff9ddf70000 - 0x00007ff9de03d000 	C:\Windows\System32\OLEAUT32.dll
0x00007ff9dd840000 - 0x00007ff9dd8ed000 	C:\Windows\System32\SHCORE.dll
0x00007ff9deb60000 - 0x00007ff9debbb000 	C:\Windows\System32\shlwapi.dll
0x00007ff9dc4b0000 - 0x00007ff9dc4d4000 	C:\Windows\SYSTEM32\profapi.dll
0x00007ff9bbab0000 - 0x00007ff9bbac8000 	D:\programmi\eclipse\plugins\org.eclipse.justj.openjdk.hotspot.jre.full.win32.x86_64_21.0.8.v20250724-1412\jre\bin\zip.dll
0x00007ff9cbce0000 - 0x00007ff9cbcf0000 	D:\programmi\eclipse\plugins\org.eclipse.justj.openjdk.hotspot.jre.full.win32.x86_64_21.0.8.v20250724-1412\jre\bin\net.dll
0x00007ff9d4fc0000 - 0x00007ff9d50ca000 	C:\Windows\SYSTEM32\WINHTTP.dll
0x00007ff9dbd10000 - 0x00007ff9dbd7a000 	C:\Windows\system32\mswsock.dll
0x00007ff9bae20000 - 0x00007ff9bae36000 	D:\programmi\eclipse\plugins\org.eclipse.justj.openjdk.hotspot.jre.full.win32.x86_64_21.0.8.v20250724-1412\jre\bin\nio.dll
0x00007ff9c5e20000 - 0x00007ff9c5e30000 	D:\programmi\eclipse\plugins\org.eclipse.justj.openjdk.hotspot.jre.full.win32.x86_64_21.0.8.v20250724-1412\jre\bin\verify.dll
0x00000254aeaa0000 - 0x00000254aeaa4000 	C:\Users\david\.javacpp\cache\javacpp-1.5.7-windows-x86_64.jar\org\bytedeco\javacpp\windows-x86_64\api-ms-win-crt-locale-l1-1-0.dll
0x00000254aeab0000 - 0x00000254aeab5000 	C:\Users\david\.javacpp\cache\javacpp-1.5.7-windows-x86_64.jar\org\bytedeco\javacpp\windows-x86_64\api-ms-win-crt-string-l1-1-0.dll
0x00000254aeac0000 - 0x00000254aeac5000 	C:\Users\david\.javacpp\cache\javacpp-1.5.7-windows-x86_64.jar\org\bytedeco\javacpp\windows-x86_64\api-ms-win-crt-stdio-l1-1-0.dll
0x00000254aead0000 - 0x00000254aead6000 	C:\Users\david\.javacpp\cache\javacpp-1.5.7-windows-x86_64.jar\org\bytedeco\javacpp\windows-x86_64\api-ms-win-crt-math-l1-1-0.dll
0x00000254aeae0000 - 0x00000254aeae4000 	C:\Users\david\.javacpp\cache\javacpp-1.5.7-windows-x86_64.jar\org\bytedeco\javacpp\windows-x86_64\api-ms-win-crt-heap-l1-1-0.dll
0x00000254aeaf0000 - 0x00000254aeaf5000 	C:\Users\david\.javacpp\cache\javacpp-1.5.7-windows-x86_64.jar\org\bytedeco\javacpp\windows-x86_64\api-ms-win-crt-runtime-l1-1-0.dll
0x00000254aeb00000 - 0x00000254aeb05000 	C:\Users\david\.javacpp\cache\javacpp-1.5.7-windows-x86_64.jar\org\bytedeco\javacpp\windows-x86_64\api-ms-win-crt-convert-l1-1-0.dll
0x00000254aeb10000 - 0x00000254aeb14000 	C:\Users\david\.javacpp\cache\javacpp-1.5.7-windows-x86_64.jar\org\bytedeco\javacpp\windows-x86_64\api-ms-win-crt-environment-l1-1-0.dll
0x00000254aeb20000 - 0x00000254aeb24000 	C:\Users\david\.javacpp\cache\javacpp-1.5.7-windows-x86_64.jar\org\bytedeco\javacpp\windows-x86_64\api-ms-win-crt-time-l1-1-0.dll
0x00000254aeb30000 - 0x00000254aeb34000 	C:\Users\david\.javacpp\cache\javacpp-1.5.7-windows-x86_64.jar\org\bytedeco\javacpp\windows-x86_64\api-ms-win-crt-filesystem-l1-1-0.dll
0x00000254aeb40000 - 0x00000254aeb44000 	C:\Users\david\.javacpp\cache\javacpp-1.5.7-windows-x86_64.jar\org\bytedeco\javacpp\windows-x86_64\api-ms-win-crt-utility-l1-1-0.dll
0x00000254aeb50000 - 0x00000254aeb56000 	C:\Users\david\.javacpp\cache\javacpp-1.5.7-windows-x86_64.jar\org\bytedeco\javacpp\windows-x86_64\api-ms-win-crt-multibyte-l1-1-0.dll
0x00000254aeb60000 - 0x00000254aeb64000 	C:\Users\david\.javacpp\cache\javacpp-1.5.7-windows-x86_64.jar\org\bytedeco\javacpp\windows-x86_64\api-ms-win-crt-conio-l1-1-0.dll
0x00000254aeb70000 - 0x00000254aeb81000 	C:\Users\david\.javacpp\cache\javacpp-1.5.7-windows-x86_64.jar\org\bytedeco\javacpp\windows-x86_64\api-ms-win-crt-private-l1-1-0.dll
0x00000254aeb90000 - 0x00000254aeb94000 	C:\Users\david\.javacpp\cache\javacpp-1.5.7-windows-x86_64.jar\org\bytedeco\javacpp\windows-x86_64\api-ms-win-crt-process-l1-1-0.dll
0x00000254aeba0000 - 0x00000254aeba4000 	C:\Users\david\.javacpp\cache\javacpp-1.5.7-windows-x86_64.jar\org\bytedeco\javacpp\windows-x86_64\api-ms-win-core-console-l1-2-0.dll
0x00000254aebb0000 - 0x00000254aebb4000 	C:\Users\david\.javacpp\cache\javacpp-1.5.7-windows-x86_64.jar\org\bytedeco\javacpp\windows-x86_64\api-ms-win-core-string-l1-1-0.dll
0x00000254aebc0000 - 0x00000254aebc4000 	C:\Users\david\.javacpp\cache\javacpp-1.5.7-windows-x86_64.jar\org\bytedeco\javacpp\windows-x86_64\api-ms-win-core-errorhandling-l1-1-0.dll
0x00000254aebd0000 - 0x00000254aebd4000 	C:\Users\david\.javacpp\cache\javacpp-1.5.7-windows-x86_64.jar\org\bytedeco\javacpp\windows-x86_64\api-ms-win-core-timezone-l1-1-0.dll
0x00000254aebe0000 - 0x00000254aebe5000 	C:\Users\david\.javacpp\cache\javacpp-1.5.7-windows-x86_64.jar\org\bytedeco\javacpp\windows-x86_64\api-ms-win-core-file-l1-1-0.dll
0x00000254aebf0000 - 0x00000254aebf4000 	C:\Users\david\.javacpp\cache\javacpp-1.5.7-windows-x86_64.jar\org\bytedeco\javacpp\windows-x86_64\api-ms-win-core-namedpipe-l1-1-0.dll
0x00000254aec00000 - 0x00000254aec04000 	C:\Users\david\.javacpp\cache\javacpp-1.5.7-windows-x86_64.jar\org\bytedeco\javacpp\windows-x86_64\api-ms-win-core-handle-l1-1-0.dll
0x00000254aec10000 - 0x00000254aec14000 	C:\Users\david\.javacpp\cache\javacpp-1.5.7-windows-x86_64.jar\org\bytedeco\javacpp\windows-x86_64\api-ms-win-core-file-l2-1-0.dll
0x00000254aec20000 - 0x00000254aec24000 	C:\Users\david\.javacpp\cache\javacpp-1.5.7-windows-x86_64.jar\org\bytedeco\javacpp\windows-x86_64\api-ms-win-core-heap-l1-1-0.dll
0x00000254aec30000 - 0x00000254aec34000 	C:\Users\david\.javacpp\cache\javacpp-1.5.7-windows-x86_64.jar\org\bytedeco\javacpp\windows-x86_64\api-ms-win-core-libraryloader-l1-1-0.dll
0x00000254aec40000 - 0x00000254aec44000 	C:\Users\david\.javacpp\cache\javacpp-1.5.7-windows-x86_64.jar\org\bytedeco\javacpp\windows-x86_64\api-ms-win-core-synch-l1-1-0.dll
0x00000254aec50000 - 0x00000254aec54000 	C:\Users\david\.javacpp\cache\javacpp-1.5.7-windows-x86_64.jar\org\bytedeco\javacpp\windows-x86_64\api-ms-win-core-processthreads-l1-1-0.dll
0x00000254aec60000 - 0x00000254aec64000 	C:\Users\david\.javacpp\cache\javacpp-1.5.7-windows-x86_64.jar\org\bytedeco\javacpp\windows-x86_64\api-ms-win-core-processenvironment-l1-1-0.dll
0x00000254aec70000 - 0x00000254aec74000 	C:\Users\david\.javacpp\cache\javacpp-1.5.7-windows-x86_64.jar\org\bytedeco\javacpp\windows-x86_64\api-ms-win-core-datetime-l1-1-0.dll
0x00000254aec80000 - 0x00000254aec84000 	C:\Users\david\.javacpp\cache\javacpp-1.5.7-windows-x86_64.jar\org\bytedeco\javacpp\windows-x86_64\api-ms-win-core-localization-l1-2-0.dll
0x00000254aec90000 - 0x00000254aec94000 	C:\Users\david\.javacpp\cache\javacpp-1.5.7-windows-x86_64.jar\org\bytedeco\javacpp\windows-x86_64\api-ms-win-core-sysinfo-l1-1-0.dll
0x00000254aeca0000 - 0x00000254aeca4000 	C:\Users\david\.javacpp\cache\javacpp-1.5.7-windows-x86_64.jar\org\bytedeco\javacpp\windows-x86_64\api-ms-win-core-synch-l1-2-0.dll
0x00000254aecb0000 - 0x00000254aecb4000 	C:\Users\david\.javacpp\cache\javacpp-1.5.7-windows-x86_64.jar\org\bytedeco\javacpp\windows-x86_64\api-ms-win-core-console-l1-1-0.dll
0x00000254aecc0000 - 0x00000254aecc4000 	C:\Users\david\.javacpp\cache\javacpp-1.5.7-windows-x86_64.jar\org\bytedeco\javacpp\windows-x86_64\api-ms-win-core-debug-l1-1-0.dll
0x00000254aecd0000 - 0x00000254aecd4000 	C:\Users\david\.javacpp\cache\javacpp-1.5.7-windows-x86_64.jar\org\bytedeco\javacpp\windows-x86_64\api-ms-win-core-rtlsupport-l1-1-0.dll
0x00000254aece0000 - 0x00000254aece4000 	C:\Users\david\.javacpp\cache\javacpp-1.5.7-windows-x86_64.jar\org\bytedeco\javacpp\windows-x86_64\api-ms-win-core-processthreads-l1-1-1.dll
0x00000254aecf0000 - 0x00000254aecf4000 	C:\Users\david\.javacpp\cache\javacpp-1.5.7-windows-x86_64.jar\org\bytedeco\javacpp\windows-x86_64\api-ms-win-core-file-l1-2-0.dll
0x00000254aed00000 - 0x00000254aed04000 	C:\Users\david\.javacpp\cache\javacpp-1.5.7-windows-x86_64.jar\org\bytedeco\javacpp\windows-x86_64\api-ms-win-core-profile-l1-1-0.dll
0x00000254aed10000 - 0x00000254aed14000 	C:\Users\david\.javacpp\cache\javacpp-1.5.7-windows-x86_64.jar\org\bytedeco\javacpp\windows-x86_64\api-ms-win-core-memory-l1-1-0.dll
0x00000254aed20000 - 0x00000254aed24000 	C:\Users\david\.javacpp\cache\javacpp-1.5.7-windows-x86_64.jar\org\bytedeco\javacpp\windows-x86_64\api-ms-win-core-util-l1-1-0.dll
0x00000254aed30000 - 0x00000254aed34000 	C:\Users\david\.javacpp\cache\javacpp-1.5.7-windows-x86_64.jar\org\bytedeco\javacpp\windows-x86_64\api-ms-win-core-interlocked-l1-1-0.dll
0x00007ff9bbba0000 - 0x00007ff9bbcb1000 	C:\Users\david\.javacpp\cache\javacpp-1.5.7-windows-x86_64.jar\org\bytedeco\javacpp\windows-x86_64\ucrtbase.dll
0x00007ff9cc120000 - 0x00007ff9cc13b000 	C:\Users\david\.javacpp\cache\javacpp-1.5.7-windows-x86_64.jar\org\bytedeco\javacpp\windows-x86_64\vcruntime140.dll
0x00007ff9cc350000 - 0x00007ff9cc35c000 	C:\Users\david\.javacpp\cache\javacpp-1.5.7-windows-x86_64.jar\org\bytedeco\javacpp\windows-x86_64\vcruntime140_1.dll
0x00007ff9bbd70000 - 0x00007ff9bbdfd000 	C:\Users\david\.javacpp\cache\javacpp-1.5.7-windows-x86_64.jar\org\bytedeco\javacpp\windows-x86_64\msvcp140.dll
0x00007ff9cc110000 - 0x00007ff9cc119000 	C:\Users\david\.javacpp\cache\javacpp-1.5.7-windows-x86_64.jar\org\bytedeco\javacpp\windows-x86_64\msvcp140_1.dll
0x00007ff9c5db0000 - 0x00007ff9c5dfe000 	C:\Users\david\.javacpp\cache\javacpp-1.5.7-windows-x86_64.jar\org\bytedeco\javacpp\windows-x86_64\concrt140.dll
0x00007ff9cbf50000 - 0x00007ff9cbf81000 	C:\Users\david\.javacpp\cache\javacpp-1.5.7-windows-x86_64.jar\org\bytedeco\javacpp\windows-x86_64\vcomp140.dll
0x00007ff9cc0c0000 - 0x00007ff9cc0ce000 	C:\Users\david\.javacpp\cache\javacpp-1.5.7-windows-x86_64.jar\org\bytedeco\javacpp\windows-x86_64\jnijavacpp.dll
0x00007ff9a97a0000 - 0x00007ff9a9824000 	C:\Program Files\NVIDIA GPU Computing Toolkit\CUDA\v11.6\bin\cudart64_110.dll
0x00007ff9a7230000 - 0x00007ff9a733d000 	C:\Users\david\.javacpp\cache\cuda-11.6-8.3-1.5.7-windows-x86_64.jar\org\bytedeco\cuda\windows-x86_64\jnicudart.dll
0x00007ff991210000 - 0x00007ff99160c000 	C:\Windows\SYSTEM32\nvcuda.dll
0x00007ff98f0d0000 - 0x00007ff991201000 	C:\Windows\system32\DriverStore\FileRepository\nv_dispi.inf_amd64_20ae8f14a487d5db\nvcuda64.dll
0x00007ff9dc140000 - 0x00007ff9dc152000 	C:\Windows\SYSTEM32\msasn1.dll
0x00007ff9d59d0000 - 0x00007ff9d5a01000 	C:\Windows\SYSTEM32\cryptnet.dll
0x00007ff9dcac0000 - 0x00007ff9dcc1d000 	C:\Windows\System32\CRYPT32.dll
0x00007ff9dbf20000 - 0x00007ff9dbf2c000 	C:\Windows\SYSTEM32\cryptbase.dll
0x00007ff9d5740000 - 0x00007ff9d5887000 	C:\Windows\SYSTEM32\drvstore.dll
0x00007ff9dc310000 - 0x00007ff9dc343000 	C:\Windows\SYSTEM32\devobj.dll
0x00007ff9dcd70000 - 0x00007ff9dcdbe000 	C:\Windows\System32\cfgmgr32.dll
0x00007ff9d0ec0000 - 0x00007ff9d1446000 	C:\Windows\SYSTEM32\nvapi64.dll
0x00007ff9de040000 - 0x00007ff9de4b0000 	C:\Windows\System32\SETUPAPI.dll
0x00007ff9dece0000 - 0x00007ff9dee0b000 	C:\Windows\System32\ole32.dll
0x00007ff9a9700000 - 0x00007ff9a9797000 	C:\Windows\System32\DriverStore\FileRepository\nv_dispi.inf_amd64_20ae8f14a487d5db\nvdxgdmal64.dll
0x00007ff9d1dc0000 - 0x00007ff9d1dfb000 	C:\Windows\SYSTEM32\dxcore.dll
0x00007ff926df0000 - 0x00007ff93a8b9000 	C:\Program Files\NVIDIA GPU Computing Toolkit\CUDA\v11.6\bin\cublasLt64_11.dll
0x00007ff91df60000 - 0x00007ff926de9000 	C:\Program Files\NVIDIA GPU Computing Toolkit\CUDA\v11.6\bin\cublas64_11.dll
0x00007ff9a7140000 - 0x00007ff9a722a000 	C:\Users\david\.javacpp\cache\cuda-11.6-8.3-1.5.7-windows-x86_64.jar\org\bytedeco\cuda\windows-x86_64\jnicublas.dll
0x00007ff9651b0000 - 0x00007ff96927b000 	C:\Program Files\NVIDIA GPU Computing Toolkit\CUDA\v11.6\bin\curand64_10.dll
0x00007ff90e030000 - 0x00007ff91df5a000 	C:\Program Files\NVIDIA GPU Computing Toolkit\CUDA\v11.6\bin\cusolver64_11.dll
0x00007ff900350000 - 0x00007ff90e022000 	C:\Program Files\NVIDIA GPU Computing Toolkit\CUDA\v11.6\bin\cusparse64_11.dll
0x0000000064940000 - 0x0000000064955000 	C:\Users\david\.javacpp\cache\nd4j-cuda-11.6-1.0.0-M2.1-windows-x86_64.jar\org\nd4j\linalg\jcublas\bindings\windows-x86_64\libwinpthread-1.dll
0x0000000061440000 - 0x000000006145a000 	C:\Users\david\.javacpp\cache\nd4j-cuda-11.6-1.0.0-M2.1-windows-x86_64.jar\org\nd4j\linalg\jcublas\bindings\windows-x86_64\libgcc_s_seh-1.dll
0x0000000063600000 - 0x000000006362e000 	C:\Users\david\.javacpp\cache\nd4j-cuda-11.6-1.0.0-M2.1-windows-x86_64.jar\org\nd4j\linalg\jcublas\bindings\windows-x86_64\libgomp-1.dll
0x000000006fc40000 - 0x000000006fda4000 	C:\Users\david\.javacpp\cache\nd4j-cuda-11.6-1.0.0-M2.1-windows-x86_64.jar\org\nd4j\linalg\jcublas\bindings\windows-x86_64\libstdc++-6.dll
0x00007ff8df620000 - 0x00007ff90034a000 	C:\Users\david\.javacpp\cache\nd4j-cuda-11.6-1.0.0-M2.1-windows-x86_64.jar\org\nd4j\linalg\jcublas\bindings\windows-x86_64\nd4jcuda.dll
0x00007ff993b90000 - 0x00007ff993d6d000 	C:\Users\david\.javacpp\cache\nd4j-cuda-11.6-1.0.0-M2.1-windows-x86_64.jar\org\nd4j\linalg\jcublas\bindings\windows-x86_64\jnind4jcuda.dll

JVMTI agents: none

dbghelp: loaded successfully - version: 4.0.5 - missing functions: none
symbol engine: initialized successfully - sym options: 0x614 - pdb path: .;D:\programmi\eclipse\plugins\org.eclipse.justj.openjdk.hotspot.jre.full.win32.x86_64_21.0.8.v20250724-1412\jre\bin;C:\Windows\SYSTEM32;C:\Windows\WinSxS\amd64_microsoft.windows.common-controls_6595b64144ccf1df_6.0.19041.6456_none_60b8a6cb71f64256;D:\programmi\eclipse\plugins\org.eclipse.justj.openjdk.hotspot.jre.full.win32.x86_64_21.0.8.v20250724-1412\jre\bin\server;C:\Users\david\.javacpp\cache\javacpp-1.5.7-windows-x86_64.jar\org\bytedeco\javacpp\windows-x86_64;C:\Program Files\NVIDIA GPU Computing Toolkit\CUDA\v11.6\bin;C:\Users\david\.javacpp\cache\cuda-11.6-8.3-1.5.7-windows-x86_64.jar\org\bytedeco\cuda\windows-x86_64;C:\Windows\system32\DriverStore\FileRepository\nv_dispi.inf_amd64_20ae8f14a487d5db;C:\Users\david\.javacpp\cache\nd4j-cuda-11.6-1.0.0-M2.1-windows-x86_64.jar\org\nd4j\linalg\jcublas\bindings\windows-x86_64

VM Arguments:
jvm_args: -Dfile.encoding=UTF-8 -Dstdout.encoding=UTF-8 -Dstderr.encoding=UTF-8 -XX:+ShowCodeDetailsInExceptionMessages 
java_command: thread.Main
java_class_path (initial): D:\user\OneDrive\Documenti\GitHub\ProgettoIngSoftFiorentiniMagliGervasoni\snakeAI\target\classes;C:\Users\david\.m2\repository\org\apache\commons\commons-math3\3.6.1\commons-math3-3.6.1.jar;C:\Users\david\.m2\repository\org\nd4j\nd4j-api\1.0.0-M2.1\nd4j-api-1.0.0-M2.1.jar;C:\Users\david\.m2\repository\com\jakewharton\byteunits\byteunits\0.9.1\byteunits-0.9.1.jar;C:\Users\david\.m2\repository\org\apache\commons\commons-lang3\3.11\commons-lang3-3.11.jar;C:\Users\david\.m2\repository\org\apache\commons\commons-collections4\4.1\commons-collections4-4.1.jar;C:\Users\david\.m2\repository\com\google\flatbuffers\flatbuffers-java\1.12.0\flatbuffers-java-1.12.0.jar;C:\Users\david\.m2\repository\org\nd4j\protobuf\1.0.0-M2.1\protobuf-1.0.0-M2.1.jar;C:\Users\david\.m2\repository\com\github\oshi\oshi-core\3.4.2\oshi-core-3.4.2.jar;C:\Users\david\.m2\repository\net\java\dev\jna\jna-platform\4.3.0\jna-platform-4.3.0.jar;C:\Users\david\.m2\repository\net\java\dev\jna\jna\4.3.0\jna-4.3.0.jar;C:\Users\david\.m2\repository\org\threeten\threetenbp\1.3.3\threetenbp-1.3.3.jar;C:\Users\david\.m2\repository\org\slf4j\slf4j-api\1.7.21\slf4j-api-1.7.21.jar;C:\Users\david\.m2\repository\org\nd4j\jackson\1.0.0-M2.1\jackson-1.0.0-M2.1.jar;C:\Users\david\.m2\repository\commons-net\commons-net\3.1\commons-net-3.1.jar;C:\Users\david\.m2\repository\net\ericaro\neoitertools\1.0.0\neoitertools-1.0.0.jar;C:\Users\david\.m2\repository\org\bytedeco\javacpp\1.5.7\javacpp-1.5.7.jar;C:\Users\david\.m2\repository\org\nd4j\nd4j-native-platform\1.0.0-M2.1\nd4j-native-platform-1.0.0-M2.1.jar;C:\Users\david\.m2\repository\org\bytedeco\openblas-platform\0.3.19-1.5.7\openblas-platform-0.3.19-1.5.7.jar;C:\Users\david\.m2\repository\org\bytedeco\javacpp-platform\1.5.7\javacpp-platform-1.5.7.jar;C:\Users\david\.m2\repository\org\bytedeco\javacpp\1.5.7\javacpp-1.5.7-android-arm.jar;C:\Users\david\.m2\repository\org\bytedeco\javacpp\1.5.7\javacpp-1.5.7-android-arm64.jar;C:\Users\david\.m2\repository\org\bytedeco\javacpp\1.5.7\javacpp-1.5.7-android-x86.jar;C:\Users\david\.m2\repository\org\bytedeco\javacpp\1.5.7\javacpp-1.5.7-android-x86_64.jar;C:\Users\david\.m2\repository\org\bytedeco\javacpp\1.5.7\javacpp-1.5.7-ios-arm64.jar;C:\Users\david\.m2\repository\org\bytedeco\javacpp\1.5.7\javacpp-1.5.7-ios-x86_64.jar;C:\Users\david\.m2\repository\org\bytedeco\javacpp\1.5.7\javacpp-1.5.7-linux-armhf.jar;C:\Users\david\.m2\repository\org\bytedeco\javacpp\1.5.7\javacpp-1.5.7-linux-arm64.jar;C:\Users\david\.m2\repository\org\bytedeco\javacpp\1.5.7\javacpp-1.5.7-linux-ppc64le.jar;C:\Users\david\.m2\repository\org\bytedeco\javacpp\1.5.7\javacpp-1.5.7-linux-x86.jar;C:\Users\david\.m2\repository\org\bytedeco\javacpp\1.5.7\javacpp-1.5.7-linux-x86_64.jar;C:\Users\david\.m2\repository\org\bytedeco\javacpp\1.5.7\javacpp-1.5.7-macosx-arm64.jar;C:\Users\david\.m2\repository\org\bytedeco\javacpp\1.5.7\javacpp-1.5.7-macosx-x86_64.jar;C:\Users\david\.m2\repository\org\bytedeco\javacpp\1.5.7\javacpp-1.5.7-windows-x86.jar;C:\Users\david\.m2\repository\org\bytedeco\openblas\0.3.19-1.5.7\openblas-0.3.19-1.5.7.jar;C:\Users\david\.m2\repository\org\bytedeco\openblas\0.3.19-1.5.7\openblas-0.3.19-1.5.7-android-arm.jar;C:\Users\david\.m2\repository\org\bytedeco\openblas\0.3.19-1.5.7\openblas-0.3.19-1.5.7-android-arm64.jar;C:\Users\david\.m2\repository\org\bytedeco\openblas\0.3.19-1.5.7\openblas-0.3.19-1.5.7-android-x86.jar;C:\Users\david\.m2\repository\org\bytedeco\openblas\0.3.19-1.5.7\openblas-0.3.19-1.5.7-android-x86_64.jar;C:\Users\david\.m2\repository\org\bytedeco\openblas\0.3.19-1.5.7\openblas-0.3.19-1.5.7-ios-arm64.jar;C:\Users\david\.m2\repository\org\bytedeco\openblas\0.3.19-1.5.7\openblas-0.3.19-1.5.7-ios-x86_64.jar;C:\Users\david\.m2\repository\org\bytedeco\openblas\0.3.19-1.5.7\openblas-0.3.19-1.5.7-linux-x86.jar;C:\Users\david\.m2\repository\org\bytedeco\openblas\0.3.19-1.5.7\openblas-0.3.19-1.5.7-linux-x86_64.jar;C:\Users\david\.m2\repository\org\bytedeco\openblas\0.3.19-1.5.7\openblas-0.3.19-1.5.7-linux-armhf.jar;C:\Users\david\.m2\repository\org\bytedeco\openblas\0.3.19-1.5.7\openblas-0.3.19-1.5.7-linux-arm64.jar;C:\Users\david\.m2\repository\org\bytedeco\openblas\0.3.19-1.5.7\openblas-0.3.19-1.5.7-linux-ppc64le.jar;C:\Users\david\.m2\repository\org\bytedeco\openblas\0.3.19-1.5.7\openblas-0.3.19-1.5.7-macosx-arm64.jar;C:\Users\david\.m2\repository\org\bytedeco\openblas\0.3.19-1.5.7\openblas-0.3.19-1.5.7-macosx-x86_64.jar;C:\Users\david\.m2\repository\org\bytedeco\openblas\0.3.19-1.5.7\openblas-0.3.19-1.5.7-windows-x86.jar;C:\Users\david\.m2\repository\org\bytedeco\openblas\0.3.19-1.5.7\openblas-0.3.19-1.5.7-windows-x86_64.jar;C:\Users\david\.m2\repository\org\bytedeco\mkl-platform\2022.0-1.5.7\mkl-platform-2022.0-1.5.7.jar;C:\Users\david\.m2\repository\org\bytedeco\mkl\2022.0-1.5.7\mkl-2022.0-1.5.7.jar;C:\Users\david\.m2\repository\org\bytedeco\mkl\2022.0-1.5.7\mkl-2022.0-1.5.7-linux-x86.jar;C:\Users\david\.m2\repository\org\bytedeco\mkl\2022.0-1.5.7\mkl-2022.0-1.5.7-linux-x86_64.jar;C:\Users\david\.m2\repository\org\bytedeco\mkl\2022.0-1.5.7\mkl-2022.0-1.5.7-macosx-x86_64.jar;C:\Users\david\.m2\repository\org\bytedeco\mkl\2022.0-1.5.7\mkl-2022.0-1.5.7-windows-x86.jar;C:\Users\david\.m2\repository\org\bytedeco\mkl\2022.0-1.5.7\mkl-2022.0-1.5.7-windows-x86_64.jar;C:\Users\david\.m2\repository\org\nd4j\nd4j-native\1.0.0-M2.1\nd4j-native-1.0.0-M2.1.jar;C:\Users\david\.m2\repository\org\nd4j\nd4j-native-api\1.0.0-M2.1\nd4j-native-api-1.0.0-M2.1.jar;C:\Users\david\.m2\repository\org\nd4j\nd4j-native-preset\1.0.0-M2.1\nd4j-native-preset-1.0.0-M2.1.jar;C:\Users\david\.m2\repository\org\nd4j\nd4j-presets-common\1.0.0-M2.1\nd4j-presets-common-1.0.0-M2.1.jar;C:\Users\david\.m2\repository\org\nd4j\nd4j-native-preset\1.0.0-M2.1\nd4j-native-preset-1.0.0-M2.1-windows-x86_64.jar;C:\Users\david\.m2\repository\org\bytedeco\javacpp\1.5.7\javacpp-1.5.7-windows-x86_64.jar;C:\Users\david\.m2\repository\org\nd4j\nd4j-native\1.0.0-M2.1\nd4j-native-1.0.0-M2.1-android-arm.jar;C:\Users\david\.m2\repository\org\nd4j\nd4j-native\1.0.0-M2.1\nd4j-native-1.0.0-M2.1-android-arm64.jar;C:\Users\david\.m2\repository\org\nd4j\nd4j-native\1.0.0-M2.1\nd4j-native-1.0.0-M2.1-android-x86.jar;C:\Users\david\.m2\repository\org\nd4j\nd4j-native\1.0.0-M2.1\nd4j-native-1.0.0-M2.1-android-x86_64.jar;C:\Users\david\.m2\repository\org\nd4j\nd4j-native\1.0.0-M2.1\nd4j-native-1.0.0-M2.1-linux-x86_64.jar;C:\Users\david\.m2\repository\org\nd4j\nd4j-native\1.0.0-M2.1\nd4j-native-1.0.0-M2.1-macosx-x86_64.jar;C:\Users\david\.m2\repository\org\nd4j\nd4j-native\1.0.0-M2.1\nd4j-native-1.0.0-M2.1-windows-x86_64.jar;C:\Users\david\.m2\repository\org\nd4j\nd4j-native\1.0.0-M2.1\nd4j-native-1.0.0-M2.1-linux-armhf.jar;C:\Users\david\.m2\repository\org\nd4j\nd4j-cuda-11.6-platform\1.0.0-M2.1\nd4j-cuda-11.6-platform-1.0.0-M2.1.jar;C:\Users\david\.m2\repository\org\bytedeco\cuda-platform\11.6-8.3-1.5.7\cuda-platform-11.6-8.3-1.5.7.jar;C:\Users\david\.m2\repository\org\bytedeco\cuda\11.6-8.3-1.5.7\cuda-11.6-8.3-1.5.7.jar;C:\Users\david\.m2\repository\org\bytedeco\cuda\11.6-8.3-1.5.7\cuda-11.6-8.3-1.5.7-linux-arm64.jar;C:\Users\david\.m2\repository\org\bytedeco\cuda\11.6-8.3-1.5.7\cuda-11.6-8.3-1.5.7-linux-x86_64.jar;C:\Users\david\.m2\repository\org\bytedeco\cuda\11.6-8.3-1.5.7\cuda-11.6-8.3-1.5.7-linux-ppc64le.jar;C:\Users\david\.m2\repository\org\bytedeco\cuda\11.6-8.3-1.5.7\cuda-11.6-8.3-1.5.7-windows-x86_64.jar;C:\Users\david\.m2\repository\org\nd4j\nd4j-cuda-11.6\1.0.0-M2.1\nd4j-cuda-11.6-1.0.0-M2.1.jar;C:\Users\david\.m2\repository\org\nd4j\nd4j-cuda-11.6-preset\1.0.0-M2.1\nd4j-cuda-11.6-preset-1.0.0-M2.1.jar;C:\Users\david\.m2\repository\org\nd4j\nd4j-cuda-11.6-preset\1.0.0-M2.1\nd4j-cuda-11.6-preset-1.0.0-M2.1-windows-x86_64.jar;C:\Users\david\.m2\repository\org\nd4j\nd4j-cuda-11.6\1.0.0-M2.1\nd4j-cuda-11.6-1.0.0-M2.1-linux-x86_64.jar;C:\Users\david\.m2\repository\org\nd4j\nd4j-cuda-11.6\1.0.0-M2.1\nd4j-cuda-11.6-1.0.0-M2.1-windows-x86_64.jar;C:\Users\david\.m2\repository\org\nd4j\nd4j-common\1.0.0-M2.1\nd4j-common-1.0.0-M2.1.jar;C:\Users\david\.m2\repository\org\nd4j\guava\1.0.0-M2.1\guava-1.0.0-M2.1.jar;C:\Users\david\.m2\repository\commons-io\commons-io\2.7\commons-io-2.7.jar;C:\Users\david\.m2\repository\org\apache\commons\commons-compress\1.21\commons-compress-1.21.jar;C:\Users\david\.m2\repository\commons-codec\commons-codec\1.10\commons-codec-1.10.jar;C:\Users\david\.m2\repository\ch\qos\logback\logback-classic\1.2.3\logback-classic-1.2.3.jar;C:\Users\david\.m2\repository\ch\qos\logback\logback-core\1.2.3\logback-core-1.2.3.jar;C:\Users\david\.m2\repository\com\google\code\gson\gson\2.10.1\gson-2.10.1.jar;C:\Users\david\.m2\repository\io\reactivex\rxjava3\rxjava\3.1.10\rxjava-3.1.10.jar;C:\Users\david\.m2\repository\org\reactivestreams\reactive-streams\1.0.4\reactive-streams-1.0.4.jar
Launcher Type: SUN_STANDARD

[Global flags]
     intx CICompilerCount                          = 4                                         {product} {ergonomic}
     uint ConcGCThreads                            = 3                                         {product} {ergonomic}
     uint G1ConcRefinementThreads                  = 10                                        {product} {ergonomic}
   size_t G1HeapRegionSize                         = 2097152                                   {product} {ergonomic}
    uintx GCDrainStackTargetSize                   = 64                                        {product} {ergonomic}
   size_t InitialHeapSize                          = 268435456                                 {product} {ergonomic}
   size_t MarkStackSize                            = 4194304                                   {product} {ergonomic}
   size_t MaxHeapSize                              = 4282384384                                {product} {ergonomic}
   size_t MaxNewSize                               = 2569011200                                {product} {ergonomic}
   size_t MinHeapDeltaBytes                        = 2097152                                   {product} {ergonomic}
   size_t MinHeapSize                              = 8388608                                   {product} {ergonomic}
    uintx NonNMethodCodeHeapSize                   = 5839372                                {pd product} {ergonomic}
    uintx NonProfiledCodeHeapSize                  = 122909434                              {pd product} {ergonomic}
    uintx ProfiledCodeHeapSize                     = 122909434                              {pd product} {ergonomic}
    uintx ReservedCodeCacheSize                    = 251658240                              {pd product} {ergonomic}
     bool SegmentedCodeCache                       = true                                      {product} {ergonomic}
     bool ShowCodeDetailsInExceptionMessages       = true                                   {manageable} {command line}
   size_t SoftMaxHeapSize                          = 4282384384                             {manageable} {ergonomic}
     bool UseCompressedOops                        = true                           {product lp64_product} {ergonomic}
     bool UseG1GC                                  = true                                      {product} {ergonomic}
     bool UseLargePagesIndividualAllocation        = false                                  {pd product} {ergonomic}

Logging:
Log output configuration:
 #0: stdout all=warning uptime,level,tags foldmultilines=false
 #1: stderr all=off uptime,level,tags foldmultilines=false

Environment Variables:
PATH=D:/programmi/eclipse//plugins/org.eclipse.justj.openjdk.hotspot.jre.full.win32.x86_64_21.0.8.v20250724-1412/jre/bin/server;D:/programmi/eclipse//plugins/org.eclipse.justj.openjdk.hotspot.jre.full.win32.x86_64_21.0.8.v20250724-1412/jre/bin;C:\Program Files\NVIDIA GPU Computing Toolkit\CUDA\v11.6\bin;C:\Program Files\NVIDIA GPU Computing Toolkit\CUDA\v11.6\libnvvp;C:\Windows\system32;C:\Windows;C:\Windows\System32\Wbem;C:\Windows\System32\WindowsPowerShell\v1.0\;C:\Windows\System32\OpenSSH\;C:\Program Files\NVIDIA Corporation\NVIDIA App\NvDLISR;C:\Program Files (x86)\NVIDIA Corporation\PhysX\Common;C:\Program Files\NVIDIA Corporation\Nsight Compute 2022.1.0\;C:\Program Files\NVIDIA Corporation\NVIDIA NvDLISR;C:\Program Files (x86)\Windows Kits\10\Windows Performance Toolkit\;C:\Users\david\AppData\Local\Microsoft\WindowsApps;C:\Users\david\AppData\Local\GitHubDesktop\bin;D:\programmi\eclipse;
USERNAME=david
OS=Windows_NT
PROCESSOR_IDENTIFIER=AMD64 Family 23 Model 8 Stepping 2, AuthenticAMD
TMP=C:\Users\david\AppData\Local\Temp
TEMP=C:\Users\david\AppData\Local\Temp




Periodic native trim disabled

---------------  S Y S T E M  ---------------

OS:
 Windows 10 , 64 bit Build 19041 (10.0.19041.5915)
OS uptime: 7 days 2:20 hours

CPU: total 12 (initial active 12) (12 cores per cpu, 2 threads per core) family 23 model 8 stepping 2 microcode 0x0, cx8, cmov, fxsr, ht, mmx, 3dnowpref, sse, sse2, sse3, ssse3, sse4a, sse4.1, sse4.2, popcnt, lzcnt, tsc, tscinvbit, avx, avx2, aes, clmul, bmi1, bmi2, adx, sha, fma, vzeroupper, clflush, clflushopt, rdtscp, f16c
Processor Information for processor 0
  Max Mhz: 3400, Current Mhz: 1550, Mhz Limit: 3400
Processor Information for processor 1
  Max Mhz: 3400, Current Mhz: 1550, Mhz Limit: 3400
Processor Information for processor 2
  Max Mhz: 3400, Current Mhz: 1550, Mhz Limit: 3400
Processor Information for processor 3
  Max Mhz: 3400, Current Mhz: 1550, Mhz Limit: 3400
Processor Information for processor 4
  Max Mhz: 3400, Current Mhz: 1550, Mhz Limit: 3400
Processor Information for processor 5
  Max Mhz: 3400, Current Mhz: 1550, Mhz Limit: 3400
Processor Information for processor 6
  Max Mhz: 3400, Current Mhz: 3400, Mhz Limit: 3400
Processor Information for processor 7
  Max Mhz: 3400, Current Mhz: 3400, Mhz Limit: 3400
Processor Information for processor 8
  Max Mhz: 3400, Current Mhz: 3400, Mhz Limit: 3400
Processor Information for processor 9
  Max Mhz: 3400, Current Mhz: 3400, Mhz Limit: 3400
Processor Information for processor 10
  Max Mhz: 3400, Current Mhz: 1550, Mhz Limit: 3400
Processor Information for processor 11
  Max Mhz: 3400, Current Mhz: 1550, Mhz Limit: 3400

Memory: 4k page, system-wide physical 16331M (865M free)
TotalPageFile size 46059M (AvailPageFile size 2M)
current process WorkingSet (physical memory assigned to process): 941M, peak: 941M
current process commit charge ("private bytes"): 2940M, peak: 2945M

vm_info: OpenJDK 64-Bit Server VM (21.0.8+9-LTS) for windows-amd64 JRE (21.0.8+9-LTS), built on 2025-07-15T00:00:00Z by "admin" with MS VC++ 17.7 (VS2022)

END.
